Archive member included to satisfy reference by file (symbol)

f:/Programy/devkitPro/libctru/lib\libsftd.a(sftd.o)
                              main.o (sftd_init)
f:/Programy/devkitPro/libctru/lib\libsftd.a(texture_atlas.o)
                              f:/Programy/devkitPro/libctru/lib\libsftd.a(sftd.o) (texture_atlas_create)
f:/Programy/devkitPro/libctru/lib\libsftd.a(bin_packing_2d.o)
                              f:/Programy/devkitPro/libctru/lib\libsftd.a(texture_atlas.o) (bp2d_create)
f:/Programy/devkitPro/libctru/lib\libsftd.a(int_htab.o)
                              f:/Programy/devkitPro/libctru/lib\libsftd.a(texture_atlas.o) (int_htab_create)
f:/Programy/devkitPro/libctru/lib\libfreetype.a(ftinit.o)
                              f:/Programy/devkitPro/libctru/lib\libsftd.a(sftd.o) (FT_Init_FreeType)
f:/Programy/devkitPro/libctru/lib\libfreetype.a(ftbase.o)
                              f:/Programy/devkitPro/libctru/lib\libsftd.a(sftd.o) (FT_Get_Kerning)
f:/Programy/devkitPro/libctru/lib\libfreetype.a(truetype.o)
                              f:/Programy/devkitPro/libctru/lib\libfreetype.a(ftinit.o) (tt_driver_class)
f:/Programy/devkitPro/libctru/lib\libfreetype.a(type1.o)
                              f:/Programy/devkitPro/libctru/lib\libfreetype.a(ftinit.o) (t1_driver_class)
f:/Programy/devkitPro/libctru/lib\libfreetype.a(cff.o)
                              f:/Programy/devkitPro/libctru/lib\libfreetype.a(ftinit.o) (cff_driver_class)
f:/Programy/devkitPro/libctru/lib\libfreetype.a(type1cid.o)
                              f:/Programy/devkitPro/libctru/lib\libfreetype.a(ftinit.o) (t1cid_driver_class)
f:/Programy/devkitPro/libctru/lib\libfreetype.a(pfr.o)
                              f:/Programy/devkitPro/libctru/lib\libfreetype.a(ftinit.o) (pfr_driver_class)
f:/Programy/devkitPro/libctru/lib\libfreetype.a(type42.o)
                              f:/Programy/devkitPro/libctru/lib\libfreetype.a(ftinit.o) (t42_driver_class)
f:/Programy/devkitPro/libctru/lib\libfreetype.a(winfnt.o)
                              f:/Programy/devkitPro/libctru/lib\libfreetype.a(ftinit.o) (winfnt_driver_class)
f:/Programy/devkitPro/libctru/lib\libfreetype.a(pcf.o)
                              f:/Programy/devkitPro/libctru/lib\libfreetype.a(ftinit.o) (pcf_driver_class)
f:/Programy/devkitPro/libctru/lib\libfreetype.a(bdf.o)
                              f:/Programy/devkitPro/libctru/lib\libfreetype.a(ftinit.o) (bdf_driver_class)
f:/Programy/devkitPro/libctru/lib\libfreetype.a(sfnt.o)
                              f:/Programy/devkitPro/libctru/lib\libfreetype.a(ftinit.o) (sfnt_module_class)
f:/Programy/devkitPro/libctru/lib\libfreetype.a(autofit.o)
                              f:/Programy/devkitPro/libctru/lib\libfreetype.a(ftinit.o) (autofit_module_class)
f:/Programy/devkitPro/libctru/lib\libfreetype.a(pshinter.o)
                              f:/Programy/devkitPro/libctru/lib\libfreetype.a(ftinit.o) (pshinter_module_class)
f:/Programy/devkitPro/libctru/lib\libfreetype.a(raster.o)
                              f:/Programy/devkitPro/libctru/lib\libfreetype.a(ftinit.o) (ft_raster1_renderer_class)
f:/Programy/devkitPro/libctru/lib\libfreetype.a(smooth.o)
                              f:/Programy/devkitPro/libctru/lib\libfreetype.a(ftinit.o) (ft_smooth_lcdv_renderer_class)
f:/Programy/devkitPro/libctru/lib\libfreetype.a(ftcache.o)
                              f:/Programy/devkitPro/libctru/lib\libsftd.a(sftd.o) (FTC_Manager_LookupFace)
f:/Programy/devkitPro/libctru/lib\libfreetype.a(ftgzip.o)
                              f:/Programy/devkitPro/libctru/lib\libfreetype.a(pcf.o) (FT_Stream_OpenGzip)
f:/Programy/devkitPro/libctru/lib\libfreetype.a(ftlzw.o)
                              f:/Programy/devkitPro/libctru/lib\libfreetype.a(pcf.o) (FT_Stream_OpenLZW)
f:/Programy/devkitPro/libctru/lib\libfreetype.a(psaux.o)
                              f:/Programy/devkitPro/libctru/lib\libfreetype.a(ftinit.o) (psaux_module_class)
f:/Programy/devkitPro/libctru/lib\libfreetype.a(psnames.o)
                              f:/Programy/devkitPro/libctru/lib\libfreetype.a(ftinit.o) (psnames_module_class)
f:/Programy/devkitPro/libctru/lib\libfreetype.a(ftsystem.o)
                              f:/Programy/devkitPro/libctru/lib\libfreetype.a(ftbase.o) (FT_Stream_Open)
f:/Programy/devkitPro/libctru/lib\libfreetype.a(ftbitmap.o)
                              f:/Programy/devkitPro/libctru/lib\libfreetype.a(sfnt.o) (FT_Bitmap_Init)
f:/Programy/devkitPro/libctru/lib\libfreetype.a(ftglyph.o)
                              f:/Programy/devkitPro/libctru/lib\libfreetype.a(ftcache.o) (FT_Get_Glyph)
f:/Programy/devkitPro/libctru/lib\libsf2d.a(sf2d.o)
                              main.o (sf2d_fini)
f:/Programy/devkitPro/libctru/lib\libsf2d.a(sf2d_draw.o)
                              Button.o (sf2d_draw_rectangle)
f:/Programy/devkitPro/libctru/lib\libsf2d.a(sf2d_texture.o)
[...]
Memory Configuration

Name             Origin             Length             Attributes
*default*        0x00000000         0xffffffff

Linker script and memory map

                0x00100000                . = 0x100000
                0x00100000                __start__ = .

.text           0x00100000    0x85438
 *(.crt0)
 .crt0          0x00100000       0x94 f:/programy/devkitpro/devkitarm/bin/../lib/gcc/arm-none-eabi/5.3.0/../../../../arm-none-eabi/lib/armv6k/fpu/3dsx_crt0.o
                0x00100000                _start
                0x00100008                __service_ptr
                0x0010000c                __apt_appid
                0x00100010                __heap_size
                0x00100014                __linear_heap_size
                0x00100018                __system_arglist
                0x0010001c                __system_runflags
 *(.init)
 .init          0x00100094        0xc f:/programy/devkitpro/devkitarm/bin/../lib/gcc/arm-none-eabi/5.3.0/armv6k/fpu/crti.o
                0x00100094                _init
 .init          0x001000a0        0xc f:/programy/devkitpro/devkitarm/bin/../lib/gcc/arm-none-eabi/5.3.0/armv6k/fpu/crtn.o
                0x001000ac                . = ALIGN (0x4)
 *(.text)
 .text          0x001000ac      0x108 f:/programy/devkitpro/devkitarm/bin/../lib/gcc/arm-none-eabi/5.3.0/armv6k/fpu/crtbegin.o
 .text          0x001001b4       0xc8 f:/Programy/devkitPro/libctru/lib\libfreetype.a(ftinit.o)
                0x001001b4                FT_Add_Default_Modules
                0x001001e4                FT_Init_FreeType
                0x00100250                FT_Done_FreeType
 .text          0x0010027c     0xc750 f:/Programy/devkitPro/libctru/lib\libfreetype.a(ftbase.o)
                0x00100ef8                FT_RoundFix
                0x00100f0c                FT_CeilFix
                0x00100f20                FT_FloorFix
                0x00100f2c                FT_Hypot
                0x00101048                FT_MulDiv
                0x0010118c                FT_MulDiv_No_Round
                0x001012b0                FT_MulFix
                0x001012d0                FT_DivFix
                0x00101634                FT_Matrix_Multiply
                0x00101764                FT_Matrix_Invert
                0x00101828                FT_Matrix_Multiply_Scaled
                0x00101934                FT_Vector_Transform_Scaled
                0x001019b4                FT_Vector_NormLen
                0x00101b60                ft_corner_orientation
                0x00101c78                ft_corner_is_flat
                0x00101d08                FT_GlyphLoader_New
                0x00101d4c                FT_GlyphLoader_Rewind
                0x00101d84                FT_GlyphLoader_Reset
                0x0010244c                FT_GlyphLoader_Done
                0x00102550                FT_GlyphLoader_Prepare
                0x001025cc                FT_GlyphLoader_Add
                0x001027fc                ft_service_list_lookup
                0x0010285c                ft_validator_init
                0x00102874                ft_validator_run
                0x0010287c                ft_validator_error
                0x00102890                FT_Stream_New
                0x001028bc                FT_Stream_Free
                0x00102900                ft_glyphslot_free_bitmap
                0x00102964                ft_glyphslot_set_bitmap
                0x001029c4                ft_glyphslot_alloc_bitmap
                0x00102a74                FT_New_GlyphSlot
                0x00102c00                FT_Done_GlyphSlot
                0x00102c94                FT_Set_Transform
                0x00102d44                FT_Attach_File
                0x00102e4c                FT_Attach_Stream
                0x00102f40                FT_Reference_Face
                0x00102f60                FT_Done_Face
                0x00103024                FT_New_Size
                0x0010317c                FT_Done_Size
                0x001032b8                FT_Match_Size
                0x001033e8                ft_synthesize_vertical_metrics
                0x00103458                FT_Select_Metrics
                0x0010359c                FT_Request_Metrics
                0x00103ad8                FT_Select_Size
                0x00103b44                FT_Request_Size
                0x00103b80                FT_Set_Char_Size
                0x00103c0c                FT_Set_Pixel_Sizes
                0x00103ca0                FT_Get_Kerning
                0x00103dc4                FT_Get_Track_Kerning
                0x00103e48                FT_Select_Charmap
                0x00103f58                FT_Set_Charmap
                0x00104038                FT_Get_Charmap_Index
                0x001040a4                FT_Get_Char_Index
                0x001040ec                FT_Get_First_Char
                0x001041b0                FT_Get_Next_Char
                0x00104244                FT_Face_GetCharVariantIndex
                0x00104354                FT_Face_GetCharVariantIsDefault
                0x0010443c                FT_Face_GetVariantSelectors
                0x0010451c                FT_Face_GetVariantsOfChar
                0x00104604                FT_Face_GetCharsOfVariant
                0x001046ec                FT_Get_Name_Index
                0x00104790                FT_Get_Glyph_Name
                0x00104880                FT_Get_Postscript_Name
                0x00104908                FT_Get_Sfnt_Table
                0x00104974                FT_Load_Sfnt_Table
                0x001049fc                FT_Sfnt_Table_Info
                0x00104a88                FT_Get_CMap_Language_ID
                0x00104b08                FT_Get_CMap_Format
                0x00104b84                FT_Activate_Size
                0x00104bc0                FT_Lookup_Renderer
                0x00104c34                FT_Get_Renderer
                0x00104c84                FT_Set_Renderer
                0x00104d84                FT_Render_Glyph_Internal
                0x00104ea8                FT_Render_Glyph
                0x00104ed8                FT_Get_Module
                0x00104f44                FT_Get_Module_Interface
                0x00104fac                ft_module_get_service
                0x00105030                FT_Remove_Module
                0x00105054                FT_Property_Set
                0x00105148                FT_Property_Get
                0x0010523c                FT_Reference_Library
                0x00105258                FT_New_Library
                0x001052d4                FT_Library_Version
                0x0010530c                FT_Done_Library
                0x001054d4                FT_Set_Debug_Hook
                0x00105500                FT_Get_TrueType_Engine_Type
                0x001055d4                FT_Get_SubGlyph_Info
                0x00105668                FT_Outline_Decompose
                0x00105a90                FT_Outline_Check
                0x00105b28                FT_Outline_Copy
                0x00105bd0                FT_Outline_Done_Internal
                0x00105c78                FT_Outline_Done
                0x00105d34                FT_Outline_Get_CBox
                0x00105dd0                FT_Outline_Translate
                0x00105e24                FT_Outline_Reverse
                0x00105ef0                FT_Outline_Render
                0x00105fc0                FT_Outline_Get_Bitmap
                0x0010609c                FT_Vector_Transform
                0x00106144                FT_Outline_Transform
                0x001068e8                FT_Load_Glyph
                0x00106908                FT_Get_Advances
                0x00106ad8                FT_Load_Char
                0x00106b3c                FT_Get_Advance
                0x00106d98                FT_Outline_Get_Orientation
                0x00106ee0                FT_Outline_EmboldenXY
                0x00107280                FT_Outline_Embolden
                0x00107288                FT_Raccess_Guess
                0x00107394                FT_Get_Sfnt_Name_Count
                0x001073b8                FT_Stream_OpenMemory
                0x001073d0                FT_Stream_Close
                0x001073e8                FT_Stream_Seek
                0x00107434                FT_Stream_Skip
                0x00107498                FT_Stream_Pos
                0x001074a0                FT_Stream_Read
                0x00107524                FT_Stream_ReadAt
                0x001075a0                FT_Stream_TryRead
                0x00107610                FT_Stream_ExtractFrame
                0x00107738                FT_Stream_ReleaseFrame
                0x00107778                FT_Stream_EnterFrame
                0x001078a4                FT_Stream_ExitFrame
                0x001078e8                FT_Stream_GetChar
                0x0010790c                FT_Stream_GetUShort
                0x0010793c                FT_Stream_GetUShortLE
                0x0010796c                FT_Stream_GetUOffset
                0x001079a8                FT_Stream_GetULong
                0x001079ec                FT_Stream_GetULongLE
                0x00107a2c                FT_Stream_ReadChar
                0x00107abc                FT_Stream_ReadUShort
                0x00107b54                FT_Raccess_Get_HeaderInfo
                0x00107f98                FT_Stream_ReadUShortLE
                0x00108030                FT_Stream_ReadUOffset
                0x001080d0                FT_Stream_ReadULong
                0x00108b88                FT_Stream_ReadULongLE
                0x00108c30                FT_Stream_ReadFields
                0x00108ea0                FT_Cos
                0x00108f68                FT_Sin
                0x00109030                FT_Tan
                0x00109104                FT_Atan2
                0x0010916c                FT_Vector_Unit
                0x0010924c                FT_Vector_Rotate
                0x00109484                FT_Vector_Length
                0x001095c4                FT_Vector_Polarize
                0x00109708                FT_Vector_From_Polar
                0x00109928                FT_Angle_Diff
                0x00109964                ft_mem_alloc
                0x00109af0                FT_Add_Module
                0x00109e00                FT_GlyphLoader_CreateExtra
                0x00109ee4                ft_mem_qalloc
                0x00109f28                ft_mem_realloc
                0x0010a05c                FT_GlyphLoader_CheckPoints
                0x0010a27c                FT_GlyphLoader_CopyPoints
                0x0010a3dc                FT_GlyphLoader_CheckSubGlyphs
                0x0010a464                FT_CMap_Done
                0x0010a58c                FT_CMap_New
                0x0010a6bc                FT_Outline_New_Internal
                0x0010a7ec                FT_Raccess_Get_DataOffsets
                0x0010b3e8                FT_Open_Face
                0x0010bce4                FT_New_Face
                0x0010bd24                FT_New_Memory_Face
                0x0010c2a4                FT_Get_Sfnt_Name
                0x0010c418                FT_Outline_New
                0x0010c554                ft_mem_qrealloc
                0x0010c65c                ft_mem_free
                0x0010c66c                ft_mem_dup
                0x0010c6d8                ft_mem_strdup
                0x0010c764                ft_mem_strcpyn
                0x0010c7c8                FT_List_Find
                0x0010c80c                FT_List_Add
                0x0010c840                FT_List_Insert
                0x0010c874                FT_List_Remove
                0x0010c8a4                FT_List_Up
                0x0010c8e8                FT_List_Iterate
                0x0010c93c                FT_List_Finalize
 .text          0x0010c9cc     0xb8e0 f:/Programy/devkitPro/libctru/lib\libfreetype.a(truetype.o)
                0x00112f84                TT_RunIns
                0x001170d4                TT_New_Context
 .text          0x001182ac     0x5c04 f:/Programy/devkitPro/libctru/lib\libfreetype.a(type1.o)
 .text          0x0011deb0     0xe09c f:/Programy/devkitPro/libctru/lib\libfreetype.a(cff.o)
 .text          0x0012bf4c     0x1c74 f:/Programy/devkitPro/libctru/lib\libfreetype.a(type1cid.o)
 .text          0x0012dbc0     0x3348 f:/Programy/devkitPro/libctru/lib\libfreetype.a(pfr.o)
 .text          0x00130f08     0x1e34 f:/Programy/devkitPro/libctru/lib\libfreetype.a(type42.o)
 .text          0x00132d3c     0x10e0 f:/Programy/devkitPro/libctru/lib\libfreetype.a(winfnt.o)
 .text          0x00133e1c     0x2168 f:/Programy/devkitPro/libctru/lib\libfreetype.a(pcf.o)
 .text          0x00135f84     0x5794 f:/Programy/devkitPro/libctru/lib\libfreetype.a(bdf.o)
 .text          0x0013b718     0x9fb8 f:/Programy/devkitPro/libctru/lib\libfreetype.a(sfnt.o)
 .text          0x001456d0     0x7bdc f:/Programy/devkitPro/libctru/lib\libfreetype.a(autofit.o)
                0x0014d268                af_get_coverage
                0x0014d270                af_get_char_index
 .text          0x0014d2ac     0x466c f:/Programy/devkitPro/libctru/lib\libfreetype.a(pshinter.o)
                0x0014f104                ps_hints_apply
 .text          0x00151918      0xc78 f:/Programy/devkitPro/libctru/lib\libfreetype.a(raster.o)
 .text          0x00152590     0x25bc f:/Programy/devkitPro/libctru/lib\libfreetype.a(smooth.o)
 .text          0x00154b4c     0x3c4c f:/Programy/devkitPro/libctru/lib\libfreetype.a(ftcache.o)
                0x00156a70                FTC_Manager_LookupSize
                0x00156bc4                FTC_Manager_LookupFace
                0x00156c8c                FTC_Manager_New
                0x00156d94                FTC_Manager_Done
                0x00156ef8                FTC_Manager_Reset
                0x0015704c                FTC_Manager_RemoveFaceID
                0x00157300                FTC_Node_Unref
                0x00157328                FTC_CMapCache_New
                0x00157424                FTC_CMapCache_Lookup
                0x001576d8                FTC_ImageCache_New
                0x001577d4                FTC_ImageCache_Lookup
                0x00157b04                FTC_ImageCache_LookupScaler
                0x00157ecc                FTC_SBitCache_New
                0x00157fc8                FTC_SBitCache_Lookup
                0x00158370                FTC_SBitCache_LookupScaler
 .text          0x00158798     0x4c64 f:/Programy/devkitPro/libctru/lib\libfreetype.a(ftgzip.o)
                0x0015c52c                FT_Stream_OpenGzip
                0x0015cbfc                FT_Gzip_Uncompress
 .text          0x0015d3fc     0x1b3c f:/Programy/devkitPro/libctru/lib\libfreetype.a(ftlzw.o)
                0x0015e57c                FT_Stream_OpenLZW
                0x0015e768                ft_lzwstate_reset
                0x0015e794                ft_lzwstate_init
                0x0015e800                ft_lzwstate_done
                0x0015e870                ft_lzwstate_io
 .text          0x0015ef38     0x61dc f:/Programy/devkitPro/libctru/lib\libfreetype.a(psaux.o)
 .text          0x00165114      0xa7c f:/Programy/devkitPro/libctru/lib\libfreetype.a(psnames.o)
 .text          0x00165b90      0x198 f:/Programy/devkitPro/libctru/lib\libfreetype.a(ftsystem.o)
                0x00165c2c                FT_Stream_Open
                0x00165ce0                FT_New_Memory
                0x00165d24                FT_Done_Memory
 .text          0x00165d28     0x102c f:/Programy/devkitPro/libctru/lib\libfreetype.a(ftbitmap.o)
                0x00165d28                FT_Bitmap_Init
                0x00165d50                FT_Bitmap_New
                0x00165d78                FT_Bitmap_Copy
                0x00165f24                FT_Bitmap_Convert
                0x0016640c                FT_Bitmap_Embolden
                0x00166b08                FT_GlyphSlot_Own_Bitmap
                0x00166d00                FT_Bitmap_Done
 .text          0x00166d54      0x828 f:/Programy/devkitPro/libctru/lib\libfreetype.a(ftglyph.o)
                0x00166f64                FT_Glyph_Copy
                0x00167058                FT_Get_Glyph
                0x00167180                FT_Glyph_Transform
                0x001671e4                FT_Glyph_Get_CBox
                0x00167288                FT_Done_Glyph
                0x001672bc                FT_Glyph_To_Bitmap
 .text          0x0016757c       0x64 f:/Programy/devkitPro/libctru/lib\libctru.a(stack_adjust.o)
                0x0016757c                initSystem
                0x001675c0                __ctru_exit
 .text          0x001675e0      0x20c f:/programy/devkitpro/devkitarm/bin/../lib/gcc/arm-none-eabi/5.3.0/armv6k/fpu\libgcc.a(_udivsi3.o)
                0x001675e0                __aeabi_uidiv
                0x001675e0                __udivsi3
                0x001677cc                __aeabi_uidivmod
 .text          0x001677ec      0x240 f:/programy/devkitpro/devkitarm/bin/../lib/gcc/arm-none-eabi/5.3.0/armv6k/fpu\libgcc.a(_divsi3.o)
                0x001677ec                __divsi3
                0x001677ec                __aeabi_idiv
                0x00167a0c                __aeabi_idivmod
 .text          0x00167a2c        0x4 f:/programy/devkitpro/devkitarm/bin/../lib/gcc/arm-none-eabi/5.3.0/armv6k/fpu\libgcc.a(_dvmd_tls.o)
                0x00167a2c                __aeabi_idiv0
                0x00167a2c                __aeabi_ldiv0
 .text          0x00167a30      0x250 f:/programy/devkitpro/devkitarm/bin/../lib/gcc/arm-none-eabi/5.3.0/armv6k/fpu\libgcc.a(_arm_addsubsf3.o)
                0x00167a30                __aeabi_frsub
                0x00167a38                __subsf3
                0x00167a38                __aeabi_fsub
                0x00167a3c                __aeabi_fadd
                0x00167a3c                __addsf3
                0x00167bcc                __aeabi_ui2f
                0x00167bcc                __floatunsisf
                0x00167bd4                __aeabi_i2f
                0x00167bd4                __floatsisf
                0x00167bf4                __aeabi_ul2f
                0x00167bf4                __floatundisf
                0x00167c04                __aeabi_l2f
                0x00167c04                __floatdisf
 .text          0x00167c80       0x3c f:/programy/devkitpro/devkitarm/bin/../lib/gcc/arm-none-eabi/5.3.0/armv6k/fpu\libgcc.a(_aeabi_uldivmod.o)
                0x00167c80                __aeabi_uldivmod
 .text          0x00167cbc      0x128 f:/programy/devkitpro/devkitarm/bin/../lib/gcc/arm-none-eabi/5.3.0/armv6k/fpu\libgcc.a(_udivmoddi4.o)
                0x00167cbc                __udivmoddi4
 .text          0x00167de4       0x2c f:/programy/devkitpro/devkitarm/bin/../lib/gcc/arm-none-eabi/5.3.0/../../../../arm-none-eabi/lib/armv6k/fpu\libg.a(lib_a-setjmp.o)
                0x00167de4                setjmp
                0x00167df8                longjmp
 *fill*         0x00167e10       0x10 
 .text          0x00167e20      0x3a0 f:/programy/devkitpro/devkitarm/bin/../lib/gcc/arm-none-eabi/5.3.0/../../../../arm-none-eabi/lib/armv6k/fpu\libg.a(lib_a-strcmp.o)
                0x00167e28                strcmp
 .text          0x001681c0      0x1c4 f:/programy/devkitpro/devkitarm/bin/../lib/gcc/arm-none-eabi/5.3.0/../../../../arm-none-eabi/lib/armv6k/fpu\libsysbase.a(iosupport.o)
                0x001681c8                setDefaultDevice
                0x001681e0                FindDevice
                0x0016829c                RemoveDevice
                0x001682c8                AddDevice
                0x00168360                GetDeviceOpTab
 .text          0x00168384       0x7c f:/programy/devkitpro/devkitarm/bin/../lib/gcc/arm-none-eabi/5.3.0/../../../../arm-none-eabi/lib/armv6k/fpu\libsysbase.a(close.o)
                0x00168384                _close_r
 .text          0x00168400       0x6c f:/programy/devkitpro/devkitarm/bin/../lib/gcc/arm-none-eabi/5.3.0/../../../../arm-none-eabi/lib/armv6k/fpu\libsysbase.a(fstat.o)
                0x00168400                _fstat_r
 .text          0x0016846c        0x8 f:/programy/devkitpro/devkitarm/bin/../lib/gcc/arm-none-eabi/5.3.0/../../../../arm-none-eabi/lib/armv6k/fpu\libsysbase.a(isatty.o)
                0x0016846c                _isatty_r
 .text          0x00168474       0x78 f:/programy/devkitpro/devkitarm/bin/../lib/gcc/arm-none-eabi/5.3.0/../../../../arm-none-eabi/lib/armv6k/fpu\libsysbase.a(lseek.o)
                0x00168474                _lseek_r
 .text          0x001684ec       0xc8 f:/programy/devkitpro/devkitarm/bin/../lib/gcc/arm-none-eabi/5.3.0/../../../../arm-none-eabi/lib/armv6k/fpu\libsysbase.a(open.o)
                0x001684ec                _open_r
 .text          0x001685b4       0x78 f:/programy/devkitpro/devkitarm/bin/../lib/gcc/arm-none-eabi/5.3.0/../../../../arm-none-eabi/lib/armv6k/fpu\libsysbase.a(read.o)
                0x001685b4                _read_r
 .text          0x0016862c       0x70 f:/programy/devkitpro/devkitarm/bin/../lib/gcc/arm-none-eabi/5.3.0/../../../../arm-none-eabi/lib/armv6k/fpu\libsysbase.a(sbrk.o)
                0x0016862c                _sbrk_r
 .text          0x0016869c       0x78 f:/programy/devkitpro/devkitarm/bin/../lib/gcc/arm-none-eabi/5.3.0/../../../../arm-none-eabi/lib/armv6k/fpu\libsysbase.a(write.o)
                0x0016869c                _write_r
 .text          0x00168714      0x3b0 f:/programy/devkitpro/devkitarm/bin/../lib/gcc/arm-none-eabi/5.3.0/../../../../arm-none-eabi/lib/armv6k/fpu\libsysbase.a(chdir.o)
                0x00168714                _concatenate_path
                0x001688d0                chdir
                0x00168a24                getcwd
 .text          0x00168ac4       0x10 f:/programy/devkitpro/devkitarm/bin/../lib/gcc/arm-none-eabi/5.3.0/../../../../arm-none-eabi/lib/armv6k/fpu\libsysbase.a(flock.o)
                0x00168ac4                __flockfile
                0x00168acc                __funlockfile
 .text          0x00168ad4      0x108 f:/programy/devkitpro/devkitarm/bin/../lib/gcc/arm-none-eabi/5.3.0/../../../../arm-none-eabi/lib/armv6k/fpu\libsysbase.a(syscall_support.o)
                0x00168ad4                __libc_lock_init
                0x00168aec                __libc_lock_acquire
                0x00168b04                __libc_lock_try_acquire
                0x00168b28                __libc_lock_release
                0x00168b40                __libc_lock_close
                0x00168b58                __libc_lock_init_recursive
                0x00168b70                __libc_lock_acquire_recursive
                0x00168b88                __libc_lock_try_acquire_recursive
                0x00168bac                __libc_lock_release_recursive
                0x00168bc4                __libc_lock_close_recursive
 .text          0x00168bdc      0x2c4 f:/programy/devkitpro/devkitarm/bin/../lib/gcc/arm-none-eabi/5.3.0/../../../../arm-none-eabi/lib/armv6k/fpu\libsysbase.a(handle_manager.o)
                0x00168bdc                __free_handle
                0x00168c20                __release_handle
                0x00168c5c                __alloc_handle
                0x00168cd4                __get_handle
                0x00168cf0                dup
                0x00168d94                dup2
 .text          0x00168ea0       0x28 f:/programy/devkitpro/devkitarm/bin/../lib/gcc/arm-none-eabi/5.3.0/../../../../arm-none-eabi/lib/armv6k/fpu\libsysbase.a(getreent.o)
                0x00168ea0                __getreent
 *(.text.*)
 .text._ZN6Button7clickedEv
                0x00168ec8       0x9c Button.o
                0x00168ec8                Button::clicked()
 .text._ZN6Button4initEiiiic
                0x00168f64       0x40 Button.o
                0x00168f64                Button::init(int, int, int, int, char)
 .text._ZN6ButtonC2Eiiii
                0x00168fa4       0x4c Button.o
                0x00168fa4                Button::Button(int, int, int, int)
                0x00168fa4                Button::Button(int, int, int, int)
 .text._ZN6Button4drawEm
                0x00168ff0       0xec Button.o
                0x00168ff0                Button::draw(unsigned long)
 .text._ZN6Button13touchControllEv
                0x001690dc       0x80 Button.o
                0x001690dc                Button::touchControll()
 .text._ZN6Button6changeEv
                0x0016915c       0x54 Button.o
                0x0016915c                Button::change()
 .text._ZN6ObjectC2Ev
                0x001691b0       0x20 Object.o
                0x001691b0                Object::Object()
                0x001691b0                Object::Object()
 .text._ZN6ObjectC2Eiiiic
                0x001691d0       0x18 Object.o
                0x001691d0                Object::Object(int, int, int, int, char)
                0x001691d0                Object::Object(int, int, int, int, char)
 .text._ZN6Object4drawEm
                0x001691e8       0x28 Object.o
                0x001691e8                Object::draw(unsigned long)
 .text._ZN6Object11printOffsetEiimmP9sftd_font
                0x00169210       0x28 Object.o
                0x00169210                Object::printOffset(int, int, unsigned long, unsigned long, sftd_font*)
 .text._ZN6Object4getXEv
                0x00169238        0x8 Object.o
                0x00169238                Object::getX()
 .text._ZN6Object4getYEv
                0x00169240        0x8 Object.o
                0x00169240                Object::getY()
 .text._ZN6Object8getWidthEv
                0x00169248        0x8 Object.o
                0x00169248                Object::getWidth()
 .text._ZN6Object9getHeightEv
                0x00169250        0x8 Object.o
                0x00169250                Object::getHeight()
 .text._ZN6Object4setXEi
                0x00169258        0x8 Object.o
                0x00169258                Object::setX(int)
 .text._ZN6Object4setYEi
                0x00169260        0x8 Object.o
                0x00169260                Object::setY(int)
 .text._ZN6Object8setWidthEi
                0x00169268        0x8 Object.o
                0x00169268                Object::setWidth(int)
 .text._ZN6Object9setHeightEi
                0x00169270        0x8 Object.o
                0x00169270                Object::setHeight(int)
 .text._Z4menuv
                0x00169278      0x188 main.o
                0x00169278                menu()
 .text.startup.main
                0x00169400       0x68 main.o
                0x00169400                main
 .text.atlas_add_glyph
                0x00169468      0x11c f:/Programy/devkitPro/libctru/lib\libsftd.a(sftd.o)
 .text.ftc_face_requester
                0x00169584       0x54 f:/Programy/devkitPro/libctru/lib\libsftd.a(sftd.o)
 .text.sftd_init
                0x001695d8       0x40 f:/Programy/devkitPro/libctru/lib\libsftd.a(sftd.o)
                0x001695d8                sftd_init
 .text.sftd_fini
                0x00169618       0x44 f:/Programy/devkitPro/libctru/lib\libsftd.a(sftd.o)
                0x00169618                sftd_fini
 .text.sftd_load_font_mem
                0x0016965c       0xc4 f:/Programy/devkitPro/libctru/lib\libsftd.a(sftd.o)
                0x0016965c                sftd_load_font_mem
 .text.sftd_free_font
                0x00169720       0x50 f:/Programy/devkitPro/libctru/lib\libsftd.a(sftd.o)
                0x00169720                sftd_free_font
 .text.sftd_draw_text
                0x00169770      0x258 f:/Programy/devkitPro/libctru/lib\libsftd.a(sftd.o)
                0x00169770                sftd_draw_text
 .text.texture_atlas_create
                0x001699c8       0x88 f:/Programy/devkitPro/libctru/lib\libsftd.a(texture_atlas.o)
                0x001699c8                texture_atlas_create
 .text.texture_atlas_free
                0x00169a50       0x2c f:/Programy/devkitPro/libctru/lib\libsftd.a(texture_atlas.o)
                0x00169a50                texture_atlas_free
 .text.texture_atlas_insert
                0x00169a7c      0x114 f:/Programy/devkitPro/libctru/lib\libsftd.a(texture_atlas.o)
                0x00169a7c                texture_atlas_insert
 .text.texture_atlas_exists
                0x00169b90       0x18 f:/Programy/devkitPro/libctru/lib\libsftd.a(texture_atlas.o)
                0x00169b90                texture_atlas_exists
 .text.texture_atlas_get
                0x00169ba8       0x70 f:/Programy/devkitPro/libctru/lib\libsftd.a(texture_atlas.o)
                0x00169ba8                texture_atlas_get
 .text.bp2d_create
                0x00169c18       0x4c f:/Programy/devkitPro/libctru/lib\libsftd.a(bin_packing_2d.o)
                0x00169c18                bp2d_create
 .text.bp2d_free
                0x00169c64       0x34 f:/Programy/devkitPro/libctru/lib\libsftd.a(bin_packing_2d.o)
                0x00169c64                bp2d_free
 .text.bp2d_insert
                0x00169c98      0x15c f:/Programy/devkitPro/libctru/lib\libsftd.a(bin_packing_2d.o)
                0x00169c98                bp2d_insert
 .text.int_htab_create
                0x00169df4       0x3c f:/Programy/devkitPro/libctru/lib\libsftd.a(int_htab.o)
                0x00169df4                int_htab_create
 .text.int_htab_free
                0x00169e30       0x4c f:/Programy/devkitPro/libctru/lib\libsftd.a(int_htab.o)
                0x00169e30                int_htab_free
 .text.int_htab_insert
                0x00169e7c       0xf8 f:/Programy/devkitPro/libctru/lib\libsftd.a(int_htab.o)
                0x00169e7c                int_htab_insert
 .text.int_htab_resize
                0x00169f74       0x68 f:/Programy/devkitPro/libctru/lib\libsftd.a(int_htab.o)
                0x00169f74                int_htab_resize
 .text.int_htab_find
                0x00169fdc       0xa0 f:/Programy/devkitPro/libctru/lib\libsftd.a(int_htab.o)
                0x00169fdc                int_htab_find
 .text.unlikely
                0x0016a07c      0x3dc f:/Programy/devkitPro/libctru/lib\libfreetype.a(truetype.o)
 .text.unlikely
                0x0016a458      0x8e8 f:/Programy/devkitPro/libctru/lib\libfreetype.a(cff.o)
 .text.unlikely
                0x0016ad40       0x30 f:/Programy/devkitPro/libctru/lib\libfreetype.a(type42.o)
 .text.unlikely
                0x0016ad70      0xfac f:/Programy/devkitPro/libctru/lib\libfreetype.a(autofit.o)
 .text.unlikely
                0x0016bd1c     0x17dc f:/Programy/devkitPro/libctru/lib\libfreetype.a(raster.o)
 .text.sf2d_fini
                0x0016d4f8       0x48 f:/Programy/devkitPro/libctru/lib\libsf2d.a(sf2d.o)
                0x0016d4f8                sf2d_fini
 .text.sf2d_start_frame_target
                0x0016d540       0x9c f:/Programy/devkitPro/libctru/lib\libsf2d.a(sf2d.o)
                0x0016d540                sf2d_start_frame_target
 .text.sf2d_start_frame
                0x0016d5dc       0x38 f:/Programy/devkitPro/libctru/lib\libsf2d.a(sf2d.o)
                0x0016d5dc                sf2d_start_frame
 .text.sf2d_end_frame
                0x0016d614        0x4 f:/Programy/devkitPro/libctru/lib\libsf2d.a(sf2d.o)
                0x0016d614                sf2d_end_frame
 .text.sf2d_swapbuffers
                0x0016d618       0xb0 f:/Programy/devkitPro/libctru/lib\libsf2d.a(sf2d.o)
                0x0016d618                sf2d_swapbuffers
 .text.sf2d_set_vblank_wait
                0x0016d6c8       0x10 f:/Programy/devkitPro/libctru/lib\libsf2d.a(sf2d.o)
                0x0016d6c8                sf2d_set_vblank_wait
 .text.sf2d_pool_memalign
                0x0016d6d8       0x40 f:/Programy/devkitPro/libctru/lib\libsf2d.a(sf2d.o)
                0x0016d6d8                sf2d_pool_memalign
 .text.sf2d_set_clear_color
                0x0016d718       0x38 f:/Programy/devkitPro/libctru/lib\libsf2d.a(sf2d.o)
                0x0016d718                sf2d_set_clear_color
 .text.sf2d_init_advanced.part.0
                0x0016d750      0x1ac f:/Programy/devkitPro/libctru/lib\libsf2d.a(sf2d.o)
 .text.sf2d_init
                0x0016d8fc       0x28 f:/Programy/devkitPro/libctru/lib\libsf2d.a(sf2d.o)
                0x0016d8fc                sf2d_init
 .text.sf2d_setup_env_internal
                0x0016d924       0x94 f:/Programy/devkitPro/libctru/lib\libsf2d.a(sf2d_draw.o)
                0x0016d924                sf2d_setup_env_internal
 .text.sf2d_draw_rectangle
                0x0016d9b8       0xbc f:/Programy/devkitPro/libctru/lib\libsf2d.a(sf2d_draw.o)
                0x0016d9b8                sf2d_draw_rectangle
 .text.sf2d_create_texture
                0x0016da74      0x114 f:/Programy/devkitPro/libctru/lib\libsf2d.a(sf2d_texture.o)
                0x0016da74                sf2d_create_texture
 .text.sf2d_create_rendertarget
                0x0016db88       0x9c f:/Programy/devkitPro/libctru/lib\libsf2d.a(sf2d_texture.o)
                0x0016db88                sf2d_create_rendertarget
 .text.sf2d_free_texture
                0x0016dc24       0x20 f:/Programy/devkitPro/libctru/lib\libsf2d.a(sf2d_texture.o)
                0x0016dc24                sf2d_free_texture
 .text.sf2d_clear_target
                0x0016dc44       0x14 f:/Programy/devkitPro/libctru/lib\libsf2d.a(sf2d_texture.o)
                0x0016dc44                sf2d_clear_target
 .text.sf2d_bind_texture_color
                0x0016dc58       0x60 f:/Programy/devkitPro/libctru/lib\libsf2d.a(sf2d_texture.o)
                0x0016dc58                sf2d_bind_texture_color
 .text.sf2d_texture_set_params
                0x0016dcb8        0x8 f:/Programy/devkitPro/libctru/lib\libsf2d.a(sf2d_texture.o)
                0x0016dcb8                sf2d_texture_set_params
 .text.sf2d_draw_texture_part_scale_blend
                0x0016dcc0      0x16c f:/Programy/devkitPro/libctru/lib\libsf2d.a(sf2d_texture.o)
                0x0016dcc0                sf2d_draw_texture_part_scale_blend
 .text.sf2d_set_pixel
                0x0016de2c       0x8c f:/Programy/devkitPro/libctru/lib\libsf2d.a(sf2d_texture.o)
                0x0016de2c                sf2d_set_pixel
 .text.sf2d_texture_tile32
                0x0016deb8      0x114 f:/Programy/devkitPro/libctru/lib\libsf2d.a(sf2d_texture.o)
                0x0016deb8                sf2d_texture_tile32
 .text._ZL21addrMapNodeComparatorPK11rbtree_nodeS1_
                0x0016dfcc       0x24 f:/Programy/devkitPro/libctru/lib\libctru.a(linear.o)
 .text._ZL21addrMapNodeDestructorP11rbtree_node
                0x0016dff0        0x4 f:/Programy/devkitPro/libctru/lib\libctru.a(linear.o)
 .text.linearMemAlign
                0x0016dff4      0x140 f:/Programy/devkitPro/libctru/lib\libctru.a(linear.o)
                0x0016dff4                linearMemAlign
 .text.linearAlloc
                0x0016e134        0x8 f:/Programy/devkitPro/libctru/lib\libctru.a(linear.o)
                0x0016e134                linearAlloc
 .text.linearFree
                0x0016e13c       0x50 f:/Programy/devkitPro/libctru/lib\libctru.a(linear.o)
                0x0016e13c                linearFree
 .text._ZN7MemPool13CoalesceRightEP8MemBlock
                0x0016e18c       0xa0 f:/Programy/devkitPro/libctru/lib\libctru.a(mem_pool.o)
                0x0016e18c                MemPool::CoalesceRight(MemBlock*)
 .text._ZN7MemPool8AllocateER8MemChunkmi
                0x0016e22c      0x18c f:/Programy/devkitPro/libctru/lib\libctru.a(mem_pool.o)
                0x0016e22c                MemPool::Allocate(MemChunk&, unsigned long, int)
 .text._ZN7MemPool10DeallocateERK8MemChunk
                0x0016e3b8      0x104 f:/Programy/devkitPro/libctru/lib\libctru.a(mem_pool.o)
                0x0016e3b8                MemPool::Deallocate(MemChunk const&)
 .text.gfxSetFramebufferInfo.part.0
                0x0016e4bc       0x8c f:/Programy/devkitPro/libctru/lib\libctru.a(gfx.o)
 .text.gfxSet3D
                0x0016e548       0x10 f:/Programy/devkitPro/libctru/lib\libctru.a(gfx.o)
                0x0016e548                gfxSet3D
 .text.gfxIs3D  0x0016e558       0x10 f:/Programy/devkitPro/libctru/lib\libctru.a(gfx.o)
                0x0016e558                gfxIs3D
 .text.__get_bytes_per_pixel
                0x0016e568       0x18 f:/Programy/devkitPro/libctru/lib\libctru.a(gfx.o)
                0x0016e568                __get_bytes_per_pixel
 .text.gfxSetFramebufferInfo
                0x0016e580       0x70 f:/Programy/devkitPro/libctru/lib\libctru.a(gfx.o)
                0x0016e580                gfxSetFramebufferInfo
 .text.gfxWriteFramebufferInfo
                0x0016e5f0       0x88 f:/Programy/devkitPro/libctru/lib\libctru.a(gfx.o)
                0x0016e5f0                gfxWriteFramebufferInfo
 .text.gfxInit  0x0016e678      0x1d0 f:/Programy/devkitPro/libctru/lib\libctru.a(gfx.o)
                0x0016e678                gfxInit
 .text.gfxInitDefault
                0x0016e848       0x10 f:/Programy/devkitPro/libctru/lib\libctru.a(gfx.o)
                0x0016e848                gfxInitDefault
 .text.gfxExit  0x0016e858       0xe0 f:/Programy/devkitPro/libctru/lib\libctru.a(gfx.o)
                0x0016e858                gfxExit
 .text.gfxGetFramebuffer
                0x0016e938       0xb0 f:/Programy/devkitPro/libctru/lib\libctru.a(gfx.o)
                0x0016e938                gfxGetFramebuffer
 .text.gfxConfigScreen
                0x0016e9e8       0x70 f:/Programy/devkitPro/libctru/lib\libctru.a(gfx.o)
                0x0016e9e8                gfxConfigScreen
 .text.getSysTime
                0x0016ea58       0x58 f:/Programy/devkitPro/libctru/lib\libctru.a(os.o)
 .text.osConvertVirtToPhys
                0x0016eab0       0x4c f:/Programy/devkitPro/libctru/lib\libctru.a(os.o)
                0x0016eab0                osConvertVirtToPhys
 .text.osGetMemRegionUsed
                0x0016eafc       0x24 f:/Programy/devkitPro/libctru/lib\libctru.a(os.o)
                0x0016eafc                osGetMemRegionUsed
 .text.__libctru_gtod
                0x0016eb20       0xf8 f:/Programy/devkitPro/libctru/lib\libctru.a(os.o)
                0x0016eb20                __libctru_gtod
 .text.osGetTime
                0x0016ec18       0x78 f:/Programy/devkitPro/libctru/lib\libctru.a(os.o)
                0x0016ec18                osGetTime
 .text.__ctru_speedup_config
                0x0016ec90       0x34 f:/Programy/devkitPro/libctru/lib\libctru.a(os.o)
                0x0016ec90                __ctru_speedup_config
 .text.GX_ProcessCommandList
                0x0016ecc4       0x54 f:/Programy/devkitPro/libctru/lib\libctru.a(gx.o)
                0x0016ecc4                GX_ProcessCommandList
 .text.GX_MemoryFill
                0x0016ed18       0x60 f:/Programy/devkitPro/libctru/lib\libctru.a(gx.o)
                0x0016ed18                GX_MemoryFill
 .text.GX_DisplayTransfer
                0x0016ed78       0x50 f:/Programy/devkitPro/libctru/lib\libctru.a(gx.o)
                0x0016ed78                GX_DisplayTransfer
 .text.GX_FlushCacheRegions
                0x0016edc8       0x54 f:/Programy/devkitPro/libctru/lib\libctru.a(gx.o)
                0x0016edc8                GX_FlushCacheRegions
 .text.shaderInstanceInit
                0x0016ee1c      0x23c f:/Programy/devkitPro/libctru/lib\libctru.a(shaderProgram.o)
                0x0016ee1c                shaderInstanceInit
 .text.shaderInstanceFree
                0x0016f058       0x38 f:/Programy/devkitPro/libctru/lib\libctru.a(shaderProgram.o)
                0x0016f058                shaderInstanceFree
 .text.shaderInstanceGetUniformLocation
                0x0016f090       0x18 f:/Programy/devkitPro/libctru/lib\libctru.a(shaderProgram.o)
                0x0016f090                shaderInstanceGetUniformLocation
 .text.shaderProgramInit
                0x0016f0a8       0x18 f:/Programy/devkitPro/libctru/lib\libctru.a(shaderProgram.o)
                0x0016f0a8                shaderProgramInit
 .text.shaderProgramFree
                0x0016f0c0       0x30 f:/Programy/devkitPro/libctru/lib\libctru.a(shaderProgram.o)
                0x0016f0c0                shaderProgramFree
 .text.shaderProgramSetVsh
                0x0016f0f0       0x6c f:/Programy/devkitPro/libctru/lib\libctru.a(shaderProgram.o)
                0x0016f0f0                shaderProgramSetVsh
 .text.shaderProgramConfigure
                0x0016f15c      0x8a4 f:/Programy/devkitPro/libctru/lib\libctru.a(shaderProgram.o)
                0x0016f15c                shaderProgramConfigure
 .text.DVLB_Free
                0x0016fa00       0x3c f:/Programy/devkitPro/libctru/lib\libctru.a(shbin.o)
                0x0016fa00                DVLB_Free
 .text.DVLE_GetUniformRegister
                0x0016fa3c       0x80 f:/Programy/devkitPro/libctru/lib\libctru.a(shbin.o)
                0x0016fa3c                DVLE_GetUniformRegister
 .text.DVLE_GenerateOutmap
                0x0016fabc      0x1f0 f:/Programy/devkitPro/libctru/lib\libctru.a(shbin.o)
                0x0016fabc                DVLE_GenerateOutmap
 .text.DVLB_ParseFile
                0x0016fcac      0x1d8 f:/Programy/devkitPro/libctru/lib\libctru.a(shbin.o)
                0x0016fcac                DVLB_ParseFile
 .text._aptDebug
                0x0016fe84        0x4 f:/Programy/devkitPro/libctru/lib\libctru.a(apt.o)
                0x0016fe84                _aptDebug
 .text.aptSendCommand
                0x0016fe88      0x12c f:/Programy/devkitPro/libctru/lib\libctru.a(apt.o)
                0x0016fe88                aptSendCommand
 .text.aptExitProcess
                0x0016ffb4       0x3c f:/Programy/devkitPro/libctru/lib\libctru.a(apt.o)
 .text.aptHook  0x0016fff0       0x38 f:/Programy/devkitPro/libctru/lib\libctru.a(apt.o)
                0x0016fff0                aptHook
 .text.aptUnhook
                0x00170028       0x2c f:/Programy/devkitPro/libctru/lib\libctru.a(apt.o)
                0x00170028                aptUnhook
 .text.APT_InquireNotification
                0x00170054       0x4c f:/Programy/devkitPro/libctru/lib\libctru.a(apt.o)
                0x00170054                APT_InquireNotification
 .text.aptEventHandler
                0x001700a0      0x198 f:/Programy/devkitPro/libctru/lib\libctru.a(apt.o)
 .text.APT_AppletUtility
                0x00170238       0x74 f:/Programy/devkitPro/libctru/lib\libctru.a(apt.o)
                0x00170238                APT_AppletUtility
 .text.aptSetSleepAllowed
                0x001702ac       0xb0 f:/Programy/devkitPro/libctru/lib\libctru.a(apt.o)
                0x001702ac                aptSetSleepAllowed
 .text.APT_GlanceParameter
                0x0017035c       0xb4 f:/Programy/devkitPro/libctru/lib\libctru.a(apt.o)
                0x0017035c                APT_GlanceParameter
 .text.APT_ReceiveParameter
                0x00170410       0xc0 f:/Programy/devkitPro/libctru/lib\libctru.a(apt.o)
                0x00170410                APT_ReceiveParameter
 .text.aptReceiveParameter.constprop.1
                0x001704d0       0xa8 f:/Programy/devkitPro/libctru/lib\libctru.a(apt.o)
 .text.aptScreenTransfer
                0x00170578      0x1e0 f:/Programy/devkitPro/libctru/lib\libctru.a(apt.o)
 .text.aptWaitForWakeUp
                0x00170758      0x224 f:/Programy/devkitPro/libctru/lib\libctru.a(apt.o)
 .text.APT_CancelParameter
                0x0017097c       0x70 f:/Programy/devkitPro/libctru/lib\libctru.a(apt.o)
                0x0017097c                APT_CancelParameter
 .text.aptInit  0x001709ec      0x21c f:/Programy/devkitPro/libctru/lib\libctru.a(apt.o)
                0x001709ec                aptInit
 .text.aptClearParamQueue
                0x00170c08       0x88 f:/Programy/devkitPro/libctru/lib\libctru.a(apt.o)
 .text.aptMainLoop
                0x00170c90      0x208 f:/Programy/devkitPro/libctru/lib\libctru.a(apt.o)
                0x00170c90                aptMainLoop
 .text.aptExit  0x00170e98      0x148 f:/Programy/devkitPro/libctru/lib\libctru.a(apt.o)
                0x00170e98                aptExit
 .text.APT_CheckNew3DS
                0x00170fe0       0x70 f:/Programy/devkitPro/libctru/lib\libctru.a(apt.o)
                0x00170fe0                APT_CheckNew3DS
 .text.gspEventThreadMain
                0x00171050      0x154 f:/Programy/devkitPro/libctru/lib\libctru.a(gspgpu.o)
 .text.gspInit  0x001711a4       0x74 f:/Programy/devkitPro/libctru/lib\libctru.a(gspgpu.o)
                0x001711a4                gspInit
 .text.gspExit  0x00171218       0x3c f:/Programy/devkitPro/libctru/lib\libctru.a(gspgpu.o)
                0x00171218                gspExit
 .text.gspSetEventCallback
                0x00171254       0x2c f:/Programy/devkitPro/libctru/lib\libctru.a(gspgpu.o)
                0x00171254                gspSetEventCallback
 .text.gspInitEventHandler
                0x00171280       0x84 f:/Programy/devkitPro/libctru/lib\libctru.a(gspgpu.o)
                0x00171280                gspInitEventHandler
 .text.gspExitEventHandler
                0x00171304       0x30 f:/Programy/devkitPro/libctru/lib\libctru.a(gspgpu.o)
                0x00171304                gspExitEventHandler
 .text.gspWaitForEvent
                0x00171334       0x44 f:/Programy/devkitPro/libctru/lib\libctru.a(gspgpu.o)
                0x00171334                gspWaitForEvent
 .text.gspWaitForAnyEvent
                0x00171378       0x64 f:/Programy/devkitPro/libctru/lib\libctru.a(gspgpu.o)
                0x00171378                gspWaitForAnyEvent
 .text.gspSubmitGxCommand
                0x001713dc      0x128 f:/Programy/devkitPro/libctru/lib\libctru.a(gspgpu.o)
                0x001713dc                gspSubmitGxCommand
 .text.GSPGPU_SetBufferSwap
                0x00171504       0x6c f:/Programy/devkitPro/libctru/lib\libctru.a(gspgpu.o)
                0x00171504                GSPGPU_SetBufferSwap
 .text.GSPGPU_FlushDataCache
                0x00171570       0x4c f:/Programy/devkitPro/libctru/lib\libctru.a(gspgpu.o)
                0x00171570                GSPGPU_FlushDataCache
 .text.GSPGPU_SetLcdForceBlack
                0x001715bc       0x34 f:/Programy/devkitPro/libctru/lib\libctru.a(gspgpu.o)
                0x001715bc                GSPGPU_SetLcdForceBlack
 .text.GSPGPU_RegisterInterruptRelayQueue
                0x001715f0       0x64 f:/Programy/devkitPro/libctru/lib\libctru.a(gspgpu.o)
                0x001715f0                GSPGPU_RegisterInterruptRelayQueue
 .text.GSPGPU_UnregisterInterruptRelayQueue
                0x00171654       0x2c f:/Programy/devkitPro/libctru/lib\libctru.a(gspgpu.o)
                0x00171654                GSPGPU_UnregisterInterruptRelayQueue
 .text.GSPGPU_AcquireRight
                0x00171680       0x48 f:/Programy/devkitPro/libctru/lib\libctru.a(gspgpu.o)
                0x00171680                GSPGPU_AcquireRight
 .text.GSPGPU_ReleaseRight
                0x001716c8       0x2c f:/Programy/devkitPro/libctru/lib\libctru.a(gspgpu.o)
                0x001716c8                GSPGPU_ReleaseRight
 .text.GSPGPU_ImportDisplayCaptureInfo
                0x001716f4       0x80 f:/Programy/devkitPro/libctru/lib\libctru.a(gspgpu.o)
                0x001716f4                GSPGPU_ImportDisplayCaptureInfo
 .text.GSPGPU_SaveVramSysArea
                0x00171774       0x2c f:/Programy/devkitPro/libctru/lib\libctru.a(gspgpu.o)
                0x00171774                GSPGPU_SaveVramSysArea
 .text.GSPGPU_RestoreVramSysArea
                0x001717a0       0x2c f:/Programy/devkitPro/libctru/lib\libctru.a(gspgpu.o)
                0x001717a0                GSPGPU_RestoreVramSysArea
 .text.hidExit  0x001717cc       0xd8 f:/Programy/devkitPro/libctru/lib\libctru.a(hid.o)
                0x001717cc                hidExit
 .text.hidScanInput
                0x001718a4      0x238 f:/Programy/devkitPro/libctru/lib\libctru.a(hid.o)
                0x001718a4                hidScanInput
 .text.hidKeysDown
                0x00171adc       0x10 f:/Programy/devkitPro/libctru/lib\libctru.a(hid.o)
                0x00171adc                hidKeysDown
 .text.hidKeysUp
                0x00171aec       0x10 f:/Programy/devkitPro/libctru/lib\libctru.a(hid.o)
                0x00171aec                hidKeysUp
 .text.hidTouchRead
                0x00171afc       0x18 f:/Programy/devkitPro/libctru/lib\libctru.a(hid.o)
                0x00171afc                hidTouchRead
 .text.HIDUSER_GetHandles
                0x00171b14       0x90 f:/Programy/devkitPro/libctru/lib\libctru.a(hid.o)
                0x00171b14                HIDUSER_GetHandles
 .text.hidInit  0x00171ba4      0x184 f:/Programy/devkitPro/libctru/lib\libctru.a(hid.o)
                0x00171ba4                hidInit
 .text.irrstScanInput
                0x00171d28       0xb0 f:/Programy/devkitPro/libctru/lib\libctru.a(irrst.o)
                0x00171d28                irrstScanInput
 .text.irrstKeysHeld
                0x00171dd8       0x1c f:/Programy/devkitPro/libctru/lib\libctru.a(irrst.o)
                0x00171dd8                irrstKeysHeld
 .text.IRRST_GetHandles
                0x00171df4       0x50 f:/Programy/devkitPro/libctru/lib\libctru.a(irrst.o)
                0x00171df4                IRRST_GetHandles
 .text.irrstInit
                0x00171e44      0x148 f:/Programy/devkitPro/libctru/lib\libctru.a(irrst.o)
                0x00171e44                irrstInit
 .text.IRRST_Shutdown
                0x00171f8c       0x2c f:/Programy/devkitPro/libctru/lib\libctru.a(irrst.o)
                0x00171f8c                IRRST_Shutdown
 .text.irrstExit
                0x00171fb8       0xb0 f:/Programy/devkitPro/libctru/lib\libctru.a(irrst.o)
                0x00171fb8                irrstExit
 .text.ptmSysmInit
                0x00172068       0x70 f:/Programy/devkitPro/libctru/lib\libctru.a(ptmsysm.o)
                0x00172068                ptmSysmInit
 .text.ptmSysmExit
                0x001720d8       0x34 f:/Programy/devkitPro/libctru/lib\libctru.a(ptmsysm.o)
                0x001720d8                ptmSysmExit
 .text.PTMSYSM_ConfigureNew3DSCPU
                0x0017210c       0x34 f:/Programy/devkitPro/libctru/lib\libctru.a(ptmsysm.o)
                0x0017210c                PTMSYSM_ConfigureNew3DSCPU
 .text.rbtree_find
                0x00172140       0x70 f:/Programy/devkitPro/libctru/lib\libctru.a(rbtree_find.o)
                0x00172140                rbtree_find
 .text.rbtree_init
                0x001721b0       0x14 f:/Programy/devkitPro/libctru/lib\libctru.a(rbtree_init.o)
                0x001721b0                rbtree_init
 .text.do_insert
                0x001721c4      0x1d4 f:/Programy/devkitPro/libctru/lib\libctru.a(rbtree_insert.o)
 .text.rbtree_insert
                0x00172398        0x8 f:/Programy/devkitPro/libctru/lib\libctru.a(rbtree_insert.o)
                0x00172398                rbtree_insert
 .text.rbtree_remove
                0x001723a0      0x35c f:/Programy/devkitPro/libctru/lib\libctru.a(rbtree_remove.o)
                0x001723a0                rbtree_remove
 .text.rbtree_rotate
                0x001726fc       0xac f:/Programy/devkitPro/libctru/lib\libctru.a(rbtree_rotate.o)
                0x001726fc                rbtree_rotate
 .text.osGetMemRegionSize
                0x001727a8       0x58 f:/Programy/devkitPro/libctru/lib\libctru.a(allocateHeaps.o)
 .text.__system_allocateHeaps
                0x00172800      0x124 f:/Programy/devkitPro/libctru/lib\libctru.a(allocateHeaps.o)
                0x00172800                __system_allocateHeaps
 .text.__system_initArgv
                0x00172924       0xf4 f:/Programy/devkitPro/libctru/lib\libctru.a(initArgv.o)
                0x00172924                __system_initArgv
 .text.__libctru_init
                0x00172a18       0x38 f:/Programy/devkitPro/libctru/lib\libctru.a(initSystem.o)
                0x00172a18                __libctru_init
 .text.__ctru_get_reent
                0x00172a50       0x30 f:/Programy/devkitPro/libctru/lib\libctru.a(syscalls.o)
 .text.__system_initSyscalls
                0x00172a80       0xe8 f:/Programy/devkitPro/libctru/lib\libctru.a(syscalls.o)
                0x00172a80                __system_initSyscalls
 .text.svcControlMemory
                0x00172b68       0x20 f:/Programy/devkitPro/libctru/lib\libctru.a(svc.o)
                0x00172b68                svcControlMemory
 .text.svcExitProcess
                0x00172b88        0x8 f:/Programy/devkitPro/libctru/lib\libctru.a(svc.o)
                0x00172b88                svcExitProcess
 .text.svcCreateThread
                0x00172b90       0x20 f:/Programy/devkitPro/libctru/lib\libctru.a(svc.o)
                0x00172b90                svcCreateThread
 .text.svcExitThread
                0x00172bb0        0x8 f:/Programy/devkitPro/libctru/lib\libctru.a(svc.o)
                0x00172bb0                svcExitThread
 .text.svcSleepThread
                0x00172bb8        0x8 f:/Programy/devkitPro/libctru/lib\libctru.a(svc.o)
                0x00172bb8                svcSleepThread
 .text.svcReleaseMutex
                0x00172bc0        0x8 f:/Programy/devkitPro/libctru/lib\libctru.a(svc.o)
                0x00172bc0                svcReleaseMutex
 .text.svcCreateEvent
                0x00172bc8       0x14 f:/Programy/devkitPro/libctru/lib\libctru.a(svc.o)
                0x00172bc8                svcCreateEvent
 .text.svcSignalEvent
                0x00172bdc        0x8 f:/Programy/devkitPro/libctru/lib\libctru.a(svc.o)
                0x00172bdc                svcSignalEvent
 .text.svcClearEvent
                0x00172be4        0x8 f:/Programy/devkitPro/libctru/lib\libctru.a(svc.o)
                0x00172be4                svcClearEvent
 .text.svcMapMemoryBlock
                0x00172bec        0x8 f:/Programy/devkitPro/libctru/lib\libctru.a(svc.o)
                0x00172bec                svcMapMemoryBlock
 .text.svcUnmapMemoryBlock
                0x00172bf4        0x8 f:/Programy/devkitPro/libctru/lib\libctru.a(svc.o)
                0x00172bf4                svcUnmapMemoryBlock
 .text.svcCreateAddressArbiter
                0x00172bfc       0x14 f:/Programy/devkitPro/libctru/lib\libctru.a(svc.o)
                0x00172bfc                svcCreateAddressArbiter
 .text.svcArbitrateAddress
                0x00172c10       0x18 f:/Programy/devkitPro/libctru/lib\libctru.a(svc.o)
                0x00172c10                svcArbitrateAddress
 .text.svcCloseHandle
                0x00172c28        0x8 f:/Programy/devkitPro/libctru/lib\libctru.a(svc.o)
                0x00172c28                svcCloseHandle
 .text.svcWaitSynchronization
                0x00172c30        0x8 f:/Programy/devkitPro/libctru/lib\libctru.a(svc.o)
                0x00172c30                svcWaitSynchronization
 .text.svcWaitSynchronizationN
                0x00172c38       0x28 f:/Programy/devkitPro/libctru/lib\libctru.a(svc.o)
                0x00172c38                svcWaitSynchronizationN
 .text.svcDuplicateHandle
                0x00172c60       0x14 f:/Programy/devkitPro/libctru/lib\libctru.a(svc.o)
                0x00172c60                svcDuplicateHandle
 .text.svcGetSystemTick
                0x00172c74        0x8 f:/Programy/devkitPro/libctru/lib\libctru.a(svc.o)
                0x00172c74                svcGetSystemTick
 .text.svcGetSystemInfo
                0x00172c7c       0x18 f:/Programy/devkitPro/libctru/lib\libctru.a(svc.o)
                0x00172c7c                svcGetSystemInfo
 .text.svcConnectToPort
                0x00172c94       0x14 f:/Programy/devkitPro/libctru/lib\libctru.a(svc.o)
                0x00172c94                svcConnectToPort
 .text.svcSendSyncRequest
                0x00172ca8        0x8 f:/Programy/devkitPro/libctru/lib\libctru.a(svc.o)
                0x00172ca8                svcSendSyncRequest
 .text.svcBreak
                0x00172cb0        0x8 f:/Programy/devkitPro/libctru/lib\libctru.a(svc.o)
                0x00172cb0                svcBreak
 .text._ZL21addrMapNodeComparatorPK11rbtree_nodeS1_
                0x00172cb8       0x24 f:/Programy/devkitPro/libctru/lib\libctru.a(mappable.o)
 .text._ZL21addrMapNodeDestructorP11rbtree_node
                0x00172cdc        0x4 f:/Programy/devkitPro/libctru/lib\libctru.a(mappable.o)
 .text.mappableAlloc
                0x00172ce0       0xf4 f:/Programy/devkitPro/libctru/lib\libctru.a(mappable.o)
                0x00172ce0                mappableAlloc
 .text.mappableFree
                0x00172dd4       0x50 f:/Programy/devkitPro/libctru/lib\libctru.a(mappable.o)
                0x00172dd4                mappableFree
 .text._ZL21addrMapNodeComparatorPK11rbtree_nodeS1_
                0x00172e24       0x24 f:/Programy/devkitPro/libctru/lib\libctru.a(vram.o)
 .text._ZL21addrMapNodeDestructorP11rbtree_node
                0x00172e48        0x4 f:/Programy/devkitPro/libctru/lib\libctru.a(vram.o)
 .text.vramMemAlign
                0x00172e4c      0x130 f:/Programy/devkitPro/libctru/lib\libctru.a(vram.o)
                0x00172e4c                vramMemAlign
 .text.vramAlloc
                0x00172f7c        0x8 f:/Programy/devkitPro/libctru/lib\libctru.a(vram.o)
                0x00172f7c                vramAlloc
 .text.vramFree
                0x00172f84       0x50 f:/Programy/devkitPro/libctru/lib\libctru.a(vram.o)
                0x00172f84                vramFree
 .text.envGetHandle
                0x00172fd4       0x94 f:/Programy/devkitPro/libctru/lib\libctru.a(env.o)
                0x00172fd4                envGetHandle
 .text.envDestroyHandles
                0x00173068       0x4c f:/Programy/devkitPro/libctru/lib\libctru.a(env.o)
                0x00173068                envDestroyHandles
 .text.srvExit  0x001730b4       0x50 f:/Programy/devkitPro/libctru/lib\libctru.a(srv.o)
                0x001730b4                srvExit
 .text.srvRegisterClient
                0x00173104       0x38 f:/Programy/devkitPro/libctru/lib\libctru.a(srv.o)
                0x00173104                srvRegisterClient
 .text.srvInit  0x0017313c       0x70 f:/Programy/devkitPro/libctru/lib\libctru.a(srv.o)
                0x0017313c                srvInit
 .text.srvGetServiceHandleDirect
                0x001731ac       0x68 f:/Programy/devkitPro/libctru/lib\libctru.a(srv.o)
                0x001731ac                srvGetServiceHandleDirect
 .text.srvGetServiceHandle
                0x00173214       0x38 f:/Programy/devkitPro/libctru/lib\libctru.a(srv.o)
                0x00173214                srvGetServiceHandle
 .text.LightLock_Unlock.part.1
                0x0017324c       0x34 f:/Programy/devkitPro/libctru/lib\libctru.a(synchronization.o)
 .text.__sync_init
                0x00173280        0xc f:/Programy/devkitPro/libctru/lib\libctru.a(synchronization.o)
                0x00173280                __sync_init
 .text.__sync_fini
                0x0017328c       0x18 f:/Programy/devkitPro/libctru/lib\libctru.a(synchronization.o)
                0x0017328c                __sync_fini
 .text.__sync_get_arbiter
                0x001732a4       0x10 f:/Programy/devkitPro/libctru/lib\libctru.a(synchronization.o)
                0x001732a4                __sync_get_arbiter
 .text.LightLock_Init
                0x001732b4       0x18 f:/Programy/devkitPro/libctru/lib\libctru.a(synchronization.o)
                0x001732b4                LightLock_Init
 .text.LightLock_Lock
                0x001732cc       0x94 f:/Programy/devkitPro/libctru/lib\libctru.a(synchronization.o)
                0x001732cc                LightLock_Lock
 .text.LightLock_TryLock
                0x00173360       0x34 f:/Programy/devkitPro/libctru/lib\libctru.a(synchronization.o)
                0x00173360                LightLock_TryLock
 .text.LightLock_Unlock
                0x00173394       0x20 f:/Programy/devkitPro/libctru/lib\libctru.a(synchronization.o)
                0x00173394                LightLock_Unlock
 .text.RecursiveLock_Init
                0x001733b4       0x24 f:/Programy/devkitPro/libctru/lib\libctru.a(synchronization.o)
                0x001733b4                RecursiveLock_Init
 .text.RecursiveLock_Lock
                0x001733d8       0x30 f:/Programy/devkitPro/libctru/lib\libctru.a(synchronization.o)
                0x001733d8                RecursiveLock_Lock
 .text.RecursiveLock_TryLock
                0x00173408       0x58 f:/Programy/devkitPro/libctru/lib\libctru.a(synchronization.o)
                0x00173408                RecursiveLock_TryLock
 .text.RecursiveLock_Unlock
                0x00173460       0x38 f:/Programy/devkitPro/libctru/lib\libctru.a(synchronization.o)
                0x00173460                RecursiveLock_Unlock
 .text.LightEvent_Init
                0x00173498       0x38 f:/Programy/devkitPro/libctru/lib\libctru.a(synchronization.o)
                0x00173498                LightEvent_Init
 .text.LightEvent_Clear
                0x001734d0       0x7c f:/Programy/devkitPro/libctru/lib\libctru.a(synchronization.o)
                0x001734d0                LightEvent_Clear
 .text.LightEvent_Signal
                0x0017354c       0xdc f:/Programy/devkitPro/libctru/lib\libctru.a(synchronization.o)
                0x0017354c                LightEvent_Signal
 .text.LightEvent_Wait
                0x00173628       0xc8 f:/Programy/devkitPro/libctru/lib\libctru.a(synchronization.o)
                0x00173628                LightEvent_Wait
 .text.threadCreate
                0x001736f0      0x1c8 f:/Programy/devkitPro/libctru/lib\libctru.a(thread.o)
                0x001736f0                threadCreate
 .text.threadJoin
                0x001738b8       0x24 f:/Programy/devkitPro/libctru/lib\libctru.a(thread.o)
                0x001738b8                threadJoin
 .text.threadExit
                0x001738dc       0x6c f:/Programy/devkitPro/libctru/lib\libctru.a(thread.o)
                0x001738dc                threadExit
 .text._thread_begin
                0x00173948       0x3c f:/Programy/devkitPro/libctru/lib\libctru.a(thread.o)
 .text.GPUCMD_SetBuffer
                0x00173984       0x2c f:/Programy/devkitPro/libctru/lib\libctru.a(gpu.o)
                0x00173984                GPUCMD_SetBuffer
 .text.GPUCMD_GetBuffer
                0x001739b0       0x40 f:/Programy/devkitPro/libctru/lib\libctru.a(gpu.o)
                0x001739b0                GPUCMD_GetBuffer
 .text.GPUCMD_Add
                0x001739f0       0xe4 f:/Programy/devkitPro/libctru/lib\libctru.a(gpu.o)
                0x001739f0                GPUCMD_Add
 .text.GPUCMD_Finalize
                0x00173ad4       0x98 f:/Programy/devkitPro/libctru/lib\libctru.a(gpu.o)
                0x00173ad4                GPUCMD_Finalize
 .text.f32tof24
                0x00173b6c       0x40 f:/Programy/devkitPro/libctru/lib\libctru.a(gpu.o)
                0x00173b6c                f32tof24
 .text.f32tof31
                0x00173bac       0x40 f:/Programy/devkitPro/libctru/lib\libctru.a(gpu.o)
                0x00173bac                f32tof31
 .text.rbtree_node_next
                0x00173bec       0x8c f:/Programy/devkitPro/libctru/lib\libctru.a(rbtree_iterator.o)
                0x00173bec                rbtree_node_next
 .text.__appExit
                0x00173c78       0x1c f:/Programy/devkitPro/libctru/lib\libctru.a(appExit.o)
                0x00173c78                __appExit
 .text.__appInit
                0x00173c94       0x1c f:/Programy/devkitPro/libctru/lib\libctru.a(appInit.o)
                0x00173c94                __appInit
 .text.__libctru_exit
                0x00173cb0       0xa4 f:/Programy/devkitPro/libctru/lib\libctru.a(ctru_exit.o)
                0x00173cb0                __libctru_exit
 .text.sdmc_link
                0x00173d54       0x10 f:/Programy/devkitPro/libctru/lib\libctru.a(sdmc_dev.o)
 .text.sdmc_dirreset
                0x00173d64       0x10 f:/Programy/devkitPro/libctru/lib\libctru.a(sdmc_dev.o)
 .text.sdmc_chmod
                0x00173d74       0x10 f:/Programy/devkitPro/libctru/lib\libctru.a(sdmc_dev.o)
 .text.sdmc_fchmod
                0x00173d84       0x10 f:/Programy/devkitPro/libctru/lib\libctru.a(sdmc_dev.o)
 .text.error_cmp
                0x00173d94       0x24 f:/Programy/devkitPro/libctru/lib\libctru.a(sdmc_dev.o)
 .text.sdmc_translate_error
                0x00173db8       0x50 f:/Programy/devkitPro/libctru/lib\libctru.a(sdmc_dev.o)
 .text.sdmc_fsync
                0x00173e08       0x34 f:/Programy/devkitPro/libctru/lib\libctru.a(sdmc_dev.o)
 .text.sdmc_ftruncate
                0x00173e3c       0x54 f:/Programy/devkitPro/libctru/lib\libctru.a(sdmc_dev.o)
 .text.sdmc_statvfs
                0x00173e90       0xac f:/Programy/devkitPro/libctru/lib\libctru.a(sdmc_dev.o)
 .text.sdmc_dirclose
                0x00173f3c       0x38 f:/Programy/devkitPro/libctru/lib\libctru.a(sdmc_dev.o)
 .text.sdmc_dirnext
                0x00173f74      0x13c f:/Programy/devkitPro/libctru/lib\libctru.a(sdmc_dev.o)
 .text.sdmc_close
                0x001740b0       0x34 f:/Programy/devkitPro/libctru/lib\libctru.a(sdmc_dev.o)
 .text.sdmc_fstat
                0x001740e4       0x74 f:/Programy/devkitPro/libctru/lib\libctru.a(sdmc_dev.o)
 .text.sdmc_seek
                0x00174158       0xc0 f:/Programy/devkitPro/libctru/lib\libctru.a(sdmc_dev.o)
 .text.sdmc_read
                0x00174218       0x8c f:/Programy/devkitPro/libctru/lib\libctru.a(sdmc_dev.o)
 .text.sdmc_write_safe
                0x001742a4      0x110 f:/Programy/devkitPro/libctru/lib\libctru.a(sdmc_dev.o)
 .text.sdmc_utf16path
                0x001743b4      0x1b4 f:/Programy/devkitPro/libctru/lib\libctru.a(sdmc_dev.o)
 .text.sdmc_rmdir
                0x00174568       0x74 f:/Programy/devkitPro/libctru/lib\libctru.a(sdmc_dev.o)
 .text.sdmc_diropen
                0x001745dc       0xa8 f:/Programy/devkitPro/libctru/lib\libctru.a(sdmc_dev.o)
 .text.sdmc_chdir
                0x00174684       0xa0 f:/Programy/devkitPro/libctru/lib\libctru.a(sdmc_dev.o)
 .text.sdmc_mkdir
                0x00174724       0x98 f:/Programy/devkitPro/libctru/lib\libctru.a(sdmc_dev.o)
 .text.sdmc_rename
                0x001747bc      0x108 f:/Programy/devkitPro/libctru/lib\libctru.a(sdmc_dev.o)
 .text.sdmc_unlink
                0x001748c4       0x74 f:/Programy/devkitPro/libctru/lib\libctru.a(sdmc_dev.o)
 .text.sdmc_stat
                0x00174938      0x108 f:/Programy/devkitPro/libctru/lib\libctru.a(sdmc_dev.o)
 .text.sdmc_open
                0x00174a40      0x188 f:/Programy/devkitPro/libctru/lib\libctru.a(sdmc_dev.o)
 .text.sdmcInit
                0x00174bc8      0x15c f:/Programy/devkitPro/libctru/lib\libctru.a(sdmc_dev.o)
                0x00174bc8                sdmcInit
 .text.sdmcExit
                0x00174d24       0x54 f:/Programy/devkitPro/libctru/lib\libctru.a(sdmc_dev.o)
                0x00174d24                sdmcExit
 .text.fsSessionForArchive.part.0
                0x00174d78       0x28 f:/Programy/devkitPro/libctru/lib\libctru.a(fs.o)
 .text.fsInit   0x00174da0       0xcc f:/Programy/devkitPro/libctru/lib\libctru.a(fs.o)
                0x00174da0                fsInit
 .text.fsExit   0x00174e6c       0x38 f:/Programy/devkitPro/libctru/lib\libctru.a(fs.o)
                0x00174e6c                fsExit
 .text.fsExemptFromSession
                0x00174ea4       0x74 f:/Programy/devkitPro/libctru/lib\libctru.a(fs.o)
                0x00174ea4                fsExemptFromSession
 .text.fsUnexemptFromSession
                0x00174f18       0x54 f:/Programy/devkitPro/libctru/lib\libctru.a(fs.o)
                0x00174f18                fsUnexemptFromSession
 .text.FSUSER_OpenFile
                0x00174f6c       0xbc f:/Programy/devkitPro/libctru/lib\libctru.a(fs.o)
                0x00174f6c                FSUSER_OpenFile
 .text.FSUSER_DeleteFile
                0x00175028       0xa4 f:/Programy/devkitPro/libctru/lib\libctru.a(fs.o)
                0x00175028                FSUSER_DeleteFile
 .text.FSUSER_RenameFile
                0x001750cc       0xe0 f:/Programy/devkitPro/libctru/lib\libctru.a(fs.o)
                0x001750cc                FSUSER_RenameFile
 .text.FSUSER_DeleteDirectory
                0x001751ac       0xa4 f:/Programy/devkitPro/libctru/lib\libctru.a(fs.o)
                0x001751ac                FSUSER_DeleteDirectory
 .text.FSUSER_CreateFile
                0x00175250       0xbc f:/Programy/devkitPro/libctru/lib\libctru.a(fs.o)
                0x00175250                FSUSER_CreateFile
 .text.FSUSER_CreateDirectory
                0x0017530c       0xac f:/Programy/devkitPro/libctru/lib\libctru.a(fs.o)
                0x0017530c                FSUSER_CreateDirectory
 .text.FSUSER_RenameDirectory
                0x001753b8       0xe0 f:/Programy/devkitPro/libctru/lib\libctru.a(fs.o)
                0x001753b8                FSUSER_RenameDirectory
 .text.FSUSER_OpenDirectory
                0x00175498       0xa4 f:/Programy/devkitPro/libctru/lib\libctru.a(fs.o)
                0x00175498                FSUSER_OpenDirectory
 .text.FSUSER_OpenArchive
                0x0017553c       0x9c f:/Programy/devkitPro/libctru/lib\libctru.a(fs.o)
                0x0017553c                FSUSER_OpenArchive
 .text.FSUSER_CloseArchive
                0x001755d8       0x74 f:/Programy/devkitPro/libctru/lib\libctru.a(fs.o)
                0x001755d8                FSUSER_CloseArchive
 .text.FSUSER_GetSdmcArchiveResource
                0x0017564c       0x78 f:/Programy/devkitPro/libctru/lib\libctru.a(fs.o)
                0x0017564c                FSUSER_GetSdmcArchiveResource
 .text.FSUSER_IsSdmcWritable
                0x001756c4       0x64 f:/Programy/devkitPro/libctru/lib\libctru.a(fs.o)
                0x001756c4                FSUSER_IsSdmcWritable
 .text.FSFILE_Read
                0x00175728       0x5c f:/Programy/devkitPro/libctru/lib\libctru.a(fs.o)
                0x00175728                FSFILE_Read
 .text.FSFILE_Write
                0x00175784       0x64 f:/Programy/devkitPro/libctru/lib\libctru.a(fs.o)
                0x00175784                FSFILE_Write
 .text.FSFILE_GetSize
                0x001757e8       0x3c f:/Programy/devkitPro/libctru/lib\libctru.a(fs.o)
                0x001757e8                FSFILE_GetSize
 .text.FSFILE_SetSize
                0x00175824       0x2c f:/Programy/devkitPro/libctru/lib\libctru.a(fs.o)
                0x00175824                FSFILE_SetSize
 .text.FSFILE_Close
                0x00175850       0x3c f:/Programy/devkitPro/libctru/lib\libctru.a(fs.o)
                0x00175850                FSFILE_Close
 .text.FSFILE_Flush
                0x0017588c       0x24 f:/Programy/devkitPro/libctru/lib\libctru.a(fs.o)
                0x0017588c                FSFILE_Flush
 .text.FSDIR_Read
                0x001758b0       0x54 f:/Programy/devkitPro/libctru/lib\libctru.a(fs.o)
                0x001758b0                FSDIR_Read
 .text.FSDIR_Close
                0x00175904       0x3c f:/Programy/devkitPro/libctru/lib\libctru.a(fs.o)
                0x00175904                FSDIR_Close
 .text.decode_utf8
                0x00175940      0x138 f:/Programy/devkitPro/libctru/lib\libctru.a(decode_utf8.o)
                0x00175940                decode_utf8
 .text.utf16_to_utf8
                0x00175a78       0xe4 f:/Programy/devkitPro/libctru/lib\libctru.a(utf16_to_utf8.o)
                0x00175a78                utf16_to_utf8
 .text.utf8_to_utf16
                0x00175b5c       0xbc f:/Programy/devkitPro/libctru/lib\libctru.a(utf8_to_utf16.o)
                0x00175b5c                utf8_to_utf16
 .text.__aeabi_read_tp
                0x00175c18        0xc f:/Programy/devkitPro/libctru/lib\libctru.a(readtp.o)
                0x00175c18                __aeabi_read_tp
 .text.decode_utf16
                0x00175c24       0x60 f:/Programy/devkitPro/libctru/lib\libctru.a(decode_utf16.o)
                0x00175c24                decode_utf16
 .text.encode_utf16
                0x00175c84       0x68 f:/Programy/devkitPro/libctru/lib\libctru.a(encode_utf16.o)
                0x00175c84                encode_utf16
 .text.encode_utf8
                0x00175cec      0x104 f:/Programy/devkitPro/libctru/lib\libctru.a(encode_utf8.o)
                0x00175cec                encode_utf8
 .text.AttrInfo_Init
                0x00175df0       0x28 f:/Programy/devkitPro/libctru/lib\libcitro3d.a(attribs.o)
                0x00175df0                AttrInfo_Init
 .text.AttrInfo_AddLoader
                0x00175e18       0xa4 f:/Programy/devkitPro/libctru/lib\libcitro3d.a(attribs.o)
                0x00175e18                AttrInfo_AddLoader
 .text.C3D_GetAttrInfo
                0x00175ebc       0x24 f:/Programy/devkitPro/libctru/lib\libcitro3d.a(attribs.o)
                0x00175ebc                C3D_GetAttrInfo
 .text.C3Di_AttrInfoBind
                0x00175ee0       0x80 f:/Programy/devkitPro/libctru/lib\libcitro3d.a(attribs.o)
                0x00175ee0                C3Di_AttrInfoBind
 .text.C3Di_AptEventHook
                0x00175f60       0x88 f:/Programy/devkitPro/libctru/lib\libcitro3d.a(base.o)
 .text.C3D_Init
                0x00175fe8      0x168 f:/Programy/devkitPro/libctru/lib\libcitro3d.a(base.o)
                0x00175fe8                C3D_Init
 .text.C3D_SetViewport
                0x00176150       0x98 f:/Programy/devkitPro/libctru/lib\libcitro3d.a(base.o)
                0x00176150                C3D_SetViewport
 .text.C3Di_UpdateContext
                0x001761e8      0x580 f:/Programy/devkitPro/libctru/lib\libcitro3d.a(base.o)
                0x001761e8                C3Di_UpdateContext
 .text.C3Di_FinalizeFrame
                0x00176768       0xe0 f:/Programy/devkitPro/libctru/lib\libcitro3d.a(base.o)
                0x00176768                C3Di_FinalizeFrame
 .text.C3D_Fini
                0x00176848       0x48 f:/Programy/devkitPro/libctru/lib\libcitro3d.a(base.o)
                0x00176848                C3D_Fini
 .text.C3D_BindProgram
                0x00176890       0xd4 f:/Programy/devkitPro/libctru/lib\libcitro3d.a(base.o)
                0x00176890                C3D_BindProgram
 .text.BufInfo_Init
                0x00176964       0x20 f:/Programy/devkitPro/libctru/lib\libcitro3d.a(buffers.o)
                0x00176964                BufInfo_Init
 .text.BufInfo_Add
                0x00176984       0x84 f:/Programy/devkitPro/libctru/lib\libcitro3d.a(buffers.o)
                0x00176984                BufInfo_Add
 .text.C3D_GetBufInfo
                0x00176a08       0x24 f:/Programy/devkitPro/libctru/lib\libcitro3d.a(buffers.o)
                0x00176a08                C3D_GetBufInfo
 .text.C3Di_BufInfoBind
                0x00176a2c       0x48 f:/Programy/devkitPro/libctru/lib\libcitro3d.a(buffers.o)
                0x00176a2c                C3Di_BufInfoBind
 .text.C3D_DrawArrays
                0x00176a74      0x148 f:/Programy/devkitPro/libctru/lib\libcitro3d.a(drawArrays.o)
                0x00176a74                C3D_DrawArrays
 .text.C3D_DepthMap
                0x00176bbc       0x3c f:/Programy/devkitPro/libctru/lib\libcitro3d.a(effect.o)
                0x00176bbc                C3D_DepthMap
 .text.C3D_CullFace
                0x00176bf8       0x1c f:/Programy/devkitPro/libctru/lib\libcitro3d.a(effect.o)
                0x00176bf8                C3D_CullFace
 .text.C3D_StencilTest
                0x00176c14       0x3c f:/Programy/devkitPro/libctru/lib\libcitro3d.a(effect.o)
                0x00176c14                C3D_StencilTest
 .text.C3D_StencilOp
                0x00176c50       0x24 f:/Programy/devkitPro/libctru/lib\libcitro3d.a(effect.o)
                0x00176c50                C3D_StencilOp
 .text.C3D_BlendingColor
                0x00176c74       0x1c f:/Programy/devkitPro/libctru/lib\libcitro3d.a(effect.o)
                0x00176c74                C3D_BlendingColor
 .text.C3D_DepthTest
                0x00176c90       0x28 f:/Programy/devkitPro/libctru/lib\libcitro3d.a(effect.o)
                0x00176c90                C3D_DepthTest
 .text.C3D_AlphaTest
                0x00176cb8       0x28 f:/Programy/devkitPro/libctru/lib\libcitro3d.a(effect.o)
                0x00176cb8                C3D_AlphaTest
 .text.C3D_AlphaBlend
                0x00176ce0       0x50 f:/Programy/devkitPro/libctru/lib\libcitro3d.a(effect.o)
                0x00176ce0                C3D_AlphaBlend
 .text.C3D_FragOpMode
                0x00176d30       0x30 f:/Programy/devkitPro/libctru/lib\libcitro3d.a(effect.o)
                0x00176d30                C3D_FragOpMode
 .text.C3Di_EffectBind
                0x00176d60      0x11c f:/Programy/devkitPro/libctru/lib\libcitro3d.a(effect.o)
                0x00176d60                C3Di_EffectBind
 .text.C3D_ImmSendAttrib
                0x00176e7c       0xb4 f:/Programy/devkitPro/libctru/lib\libcitro3d.a(immediate.o)
                0x00176e7c                C3D_ImmSendAttrib
 .text.C3D_RenderBufInit
                0x00176f30       0xa4 f:/Programy/devkitPro/libctru/lib\libcitro3d.a(renderbuffer.o)
                0x00176f30                C3D_RenderBufInit
 .text.C3D_RenderBufClearAsync
                0x00176fd4       0x80 f:/Programy/devkitPro/libctru/lib\libcitro3d.a(renderbuffer.o)
                0x00176fd4                C3D_RenderBufClearAsync
 .text.C3D_RenderBufTransferAsync
                0x00177054       0x28 f:/Programy/devkitPro/libctru/lib\libcitro3d.a(renderbuffer.o)
                0x00177054                C3D_RenderBufTransferAsync
 .text.C3D_RenderBufBind
                0x0017707c       0x38 f:/Programy/devkitPro/libctru/lib\libcitro3d.a(renderbuffer.o)
                0x0017707c                C3D_RenderBufBind
 .text.C3Di_RenderBufBind
                0x001770b4      0x168 f:/Programy/devkitPro/libctru/lib\libcitro3d.a(renderbuffer.o)
                0x001770b4                C3Di_RenderBufBind
 .text.C3D_RenderBufDelete
                0x0017721c       0x18 f:/Programy/devkitPro/libctru/lib\libcitro3d.a(renderbuffer.o)
                0x0017721c                C3D_RenderBufDelete
 .text.C3Di_RenderQueueWaitDone
                0x00177234       0x40 f:/Programy/devkitPro/libctru/lib\libcitro3d.a(renderqueue.o)
 .text.performTransfer.part.0
                0x00177274       0x78 f:/Programy/devkitPro/libctru/lib\libcitro3d.a(renderqueue.o)
 .text.transferTarget
                0x001772ec       0x50 f:/Programy/devkitPro/libctru/lib\libcitro3d.a(renderqueue.o)
 .text.onVBlank1
                0x0017733c       0x24 f:/Programy/devkitPro/libctru/lib\libcitro3d.a(renderqueue.o)
 .text.onVBlank0
                0x00177360       0x8c f:/Programy/devkitPro/libctru/lib\libcitro3d.a(renderqueue.o)
 .text.performClear.part.2
                0x001773ec       0x3c f:/Programy/devkitPro/libctru/lib\libcitro3d.a(renderqueue.o)
 .text.clearTarget
                0x00177428       0x4c f:/Programy/devkitPro/libctru/lib\libcitro3d.a(renderqueue.o)
 .text.updateFrameQueue.part.4
                0x00177474       0xc0 f:/Programy/devkitPro/libctru/lib\libcitro3d.a(renderqueue.o)
 .text.onRenderFinish
                0x00177534       0xe0 f:/Programy/devkitPro/libctru/lib\libcitro3d.a(renderqueue.o)
 .text.onClearDone.part.6
                0x00177614       0x18 f:/Programy/devkitPro/libctru/lib\libcitro3d.a(renderqueue.o)
 .text.onTransferFinish
                0x0017762c       0xb0 f:/Programy/devkitPro/libctru/lib\libcitro3d.a(renderqueue.o)
 .text.onClearDone
                0x001776dc       0x64 f:/Programy/devkitPro/libctru/lib\libcitro3d.a(renderqueue.o)
 .text.checkRenderQueueInit.part.7
                0x00177740       0x5c f:/Programy/devkitPro/libctru/lib\libcitro3d.a(renderqueue.o)
 .text.C3D_FrameBegin
                0x0017779c       0x64 f:/Programy/devkitPro/libctru/lib\libcitro3d.a(renderqueue.o)
                0x0017779c                C3D_FrameBegin
 .text.C3D_FrameDrawOn
                0x00177800       0x78 f:/Programy/devkitPro/libctru/lib\libcitro3d.a(renderqueue.o)
                0x00177800                C3D_FrameDrawOn
 .text.C3D_FrameEnd
                0x00177878       0xd0 f:/Programy/devkitPro/libctru/lib\libcitro3d.a(renderqueue.o)
                0x00177878                C3D_FrameEnd
 .text.C3D_RenderTargetCreate
                0x00177948       0xe0 f:/Programy/devkitPro/libctru/lib\libcitro3d.a(renderqueue.o)
                0x00177948                C3D_RenderTargetCreate
 .text.C3D_RenderTargetDelete
                0x00177a28       0x7c f:/Programy/devkitPro/libctru/lib\libcitro3d.a(renderqueue.o)
                0x00177a28                C3D_RenderTargetDelete
 .text.C3Di_RenderQueueExit
                0x00177aa4       0x84 f:/Programy/devkitPro/libctru/lib\libcitro3d.a(renderqueue.o)
 .text.C3D_RenderTargetSetClear
                0x00177b28       0x50 f:/Programy/devkitPro/libctru/lib\libcitro3d.a(renderqueue.o)
                0x00177b28                C3D_RenderTargetSetClear
 .text.C3D_RenderTargetSetOutput
                0x00177b78       0x58 f:/Programy/devkitPro/libctru/lib\libcitro3d.a(renderqueue.o)
                0x00177b78                C3D_RenderTargetSetOutput
 .text.TexEnv_Init
                0x00177bd0       0x34 f:/Programy/devkitPro/libctru/lib\libcitro3d.a(texenv.o)
                0x00177bd0                TexEnv_Init
 .text.C3D_GetTexEnv
                0x00177c04       0x34 f:/Programy/devkitPro/libctru/lib\libcitro3d.a(texenv.o)
                0x00177c04                C3D_GetTexEnv
 .text.C3Di_TexEnvBind
                0x00177c38       0x24 f:/Programy/devkitPro/libctru/lib\libcitro3d.a(texenv.o)
                0x00177c38                C3Di_TexEnvBind
 .text.C3D_TexInit
                0x00177c5c       0xb8 f:/Programy/devkitPro/libctru/lib\libcitro3d.a(texture.o)
                0x00177c5c                C3D_TexInit
 .text.C3D_TexInitVRAM
                0x00177d14       0xb8 f:/Programy/devkitPro/libctru/lib\libcitro3d.a(texture.o)
                0x00177d14                C3D_TexInitVRAM
 .text.C3D_TexSetWrap
                0x00177dcc       0x24 f:/Programy/devkitPro/libctru/lib\libcitro3d.a(texture.o)
                0x00177dcc                C3D_TexSetWrap
 .text.C3D_TexBind
                0x00177df0       0x34 f:/Programy/devkitPro/libctru/lib\libcitro3d.a(texture.o)
                0x00177df0                C3D_TexBind
 .text.C3D_TexDelete
                0x00177e24       0x3c f:/Programy/devkitPro/libctru/lib\libcitro3d.a(texture.o)
                0x00177e24                C3D_TexDelete
 .text.C3D_UpdateUniforms
                0x00177e60      0x2ac f:/Programy/devkitPro/libctru/lib\libcitro3d.a(uniforms.o)
                0x00177e60                C3D_UpdateUniforms
 .text.C3Di_DirtyUniforms
                0x0017810c       0xc0 f:/Programy/devkitPro/libctru/lib\libcitro3d.a(uniforms.o)
                0x0017810c                C3Di_DirtyUniforms
 .text.C3Di_LoadShaderUniforms
                0x001781cc       0xe4 f:/Programy/devkitPro/libctru/lib\libcitro3d.a(uniforms.o)
                0x001781cc                C3Di_LoadShaderUniforms
 .text.C3Di_ClearShaderUniforms
                0x001782b0       0x28 f:/Programy/devkitPro/libctru/lib\libcitro3d.a(uniforms.o)
                0x001782b0                C3Di_ClearShaderUniforms
 .text.Mtx_OrthoTilt
                0x001782d8       0xc8 f:/Programy/devkitPro/libctru/lib\libcitro3d.a(mtx_orthotilt.o)
                0x001782d8                Mtx_OrthoTilt
 .text.__fpclassifyd
                0x001783a0       0x74 f:/programy/devkitpro/devkitarm/bin/../lib/gcc/arm-none-eabi/5.3.0/../../../../arm-none-eabi/lib/armv6k/fpu\libm.a(lib_a-s_fpclassify.o)
                0x001783a0                __fpclassifyd
 .text.atol     0x00178414        0xc f:/programy/devkitpro/devkitarm/bin/../lib/gcc/arm-none-eabi/5.3.0/../../../../arm-none-eabi/lib/armv6k/fpu\libg.a(lib_a-atol.o)
                0x00178414                atol
 .text.bsearch  0x00178420       0x78 f:/programy/devkitpro/devkitarm/bin/../lib/gcc/arm-none-eabi/5.3.0/../../../../arm-none-eabi/lib/armv6k/fpu\libg.a(lib_a-bsearch.o)
                0x00178420                bsearch
 .text.calloc   0x00178498       0x20 f:/programy/devkitpro/devkitarm/bin/../lib/gcc/arm-none-eabi/5.3.0/../../../../arm-none-eabi/lib/armv6k/fpu\libg.a(lib_a-calloc.o)
                0x00178498                calloc
 .text._calloc_r
                0x001784b8       0x90 f:/programy/devkitpro/devkitarm/bin/../lib/gcc/arm-none-eabi/5.3.0/../../../../arm-none-eabi/lib/armv6k/fpu\libg.a(lib_a-callocr.o)
                0x001784b8                _calloc_r
 .text.__errno  0x00178548        0xc f:/programy/devkitpro/devkitarm/bin/../lib/gcc/arm-none-eabi/5.3.0/../../../../arm-none-eabi/lib/armv6k/fpu\libg.a(lib_a-errno.o)
                0x00178548                __errno
 .text._fclose_r
                0x00178554      0x120 f:/programy/devkitpro/devkitarm/bin/../lib/gcc/arm-none-eabi/5.3.0/../../../../arm-none-eabi/lib/armv6k/fpu\libg.a(lib_a-fclose.o)
                0x00178554                _fclose_r
 .text.fclose   0x00178674       0x18 f:/programy/devkitpro/devkitarm/bin/../lib/gcc/arm-none-eabi/5.3.0/../../../../arm-none-eabi/lib/armv6k/fpu\libg.a(lib_a-fclose.o)
                0x00178674                fclose
 .text.__sflush_r
                0x0017868c      0x230 f:/programy/devkitpro/devkitarm/bin/../lib/gcc/arm-none-eabi/5.3.0/../../../../arm-none-eabi/lib/armv6k/fpu\libg.a(lib_a-fflush.o)
                0x0017868c                __sflush_r
 .text._fflush_r
                0x001788bc       0x90 f:/programy/devkitpro/devkitarm/bin/../lib/gcc/arm-none-eabi/5.3.0/../../../../arm-none-eabi/lib/armv6k/fpu\libg.a(lib_a-fflush.o)
                0x001788bc                _fflush_r
 .text.fflush   0x0017894c       0x38 f:/programy/devkitpro/devkitarm/bin/../lib/gcc/arm-none-eabi/5.3.0/../../../../arm-none-eabi/lib/armv6k/fpu\libg.a(lib_a-fflush.o)
                0x0017894c                fflush
 .text._cleanup_r
                0x00178984        0xc f:/programy/devkitpro/devkitarm/bin/../lib/gcc/arm-none-eabi/5.3.0/../../../../arm-none-eabi/lib/armv6k/fpu\libg.a(lib_a-findfp.o)
                0x00178984                _cleanup_r
 .text.std.isra.0
                0x00178990       0x80 f:/programy/devkitpro/devkitarm/bin/../lib/gcc/arm-none-eabi/5.3.0/../../../../arm-none-eabi/lib/armv6k/fpu\libg.a(lib_a-findfp.o)
 .text.__sfmoreglue
                0x00178a10       0x48 f:/programy/devkitpro/devkitarm/bin/../lib/gcc/arm-none-eabi/5.3.0/../../../../arm-none-eabi/lib/armv6k/fpu\libg.a(lib_a-findfp.o)
                0x00178a10                __sfmoreglue
 .text.__sinit  0x00178a58       0x8c f:/programy/devkitpro/devkitarm/bin/../lib/gcc/arm-none-eabi/5.3.0/../../../../arm-none-eabi/lib/armv6k/fpu\libg.a(lib_a-findfp.o)
                0x00178a58                __sinit
 .text.__sfp    0x00178ae4      0x11c f:/programy/devkitpro/devkitarm/bin/../lib/gcc/arm-none-eabi/5.3.0/../../../../arm-none-eabi/lib/armv6k/fpu\libg.a(lib_a-findfp.o)
                0x00178ae4                __sfp
 .text.__sfp_lock_acquire
                0x00178c00        0xc f:/programy/devkitpro/devkitarm/bin/../lib/gcc/arm-none-eabi/5.3.0/../../../../arm-none-eabi/lib/armv6k/fpu\libg.a(lib_a-findfp.o)
                0x00178c00                __sfp_lock_acquire
 .text.__sfp_lock_release
                0x00178c0c        0xc f:/programy/devkitpro/devkitarm/bin/../lib/gcc/arm-none-eabi/5.3.0/../../../../arm-none-eabi/lib/armv6k/fpu\libg.a(lib_a-findfp.o)
                0x00178c0c                __sfp_lock_release
 .text.__libc_fini_array
                0x00178c18       0x3c f:/programy/devkitpro/devkitarm/bin/../lib/gcc/arm-none-eabi/5.3.0/../../../../arm-none-eabi/lib/armv6k/fpu\libg.a(lib_a-fini.o)
                0x00178c18                __libc_fini_array
 .text._fopen_r
                0x00178c54      0x13c f:/programy/devkitpro/devkitarm/bin/../lib/gcc/arm-none-eabi/5.3.0/../../../../arm-none-eabi/lib/armv6k/fpu\libg.a(lib_a-fopen.o)
                0x00178c54                _fopen_r
 .text.fopen    0x00178d90       0x20 f:/programy/devkitpro/devkitarm/bin/../lib/gcc/arm-none-eabi/5.3.0/../../../../arm-none-eabi/lib/armv6k/fpu\libg.a(lib_a-fopen.o)
                0x00178d90                fopen
 .text._fread_r
                0x00178db0      0x2ec f:/programy/devkitpro/devkitarm/bin/../lib/gcc/arm-none-eabi/5.3.0/../../../../arm-none-eabi/lib/armv6k/fpu\libg.a(lib_a-fread.o)
                0x00178db0                _fread_r
 .text.fread    0x0017909c       0x38 f:/programy/devkitpro/devkitarm/bin/../lib/gcc/arm-none-eabi/5.3.0/../../../../arm-none-eabi/lib/armv6k/fpu\libg.a(lib_a-fread.o)
                0x0017909c                fread
 .text._malloc_trim_r
                0x001790d4       0xf8 f:/programy/devkitpro/devkitarm/bin/../lib/gcc/arm-none-eabi/5.3.0/../../../../arm-none-eabi/lib/armv6k/fpu\libg.a(lib_a-freer.o)
                0x001790d4                _malloc_trim_r
 .text._free_r  0x001791cc      0x2e4 f:/programy/devkitpro/devkitarm/bin/../lib/gcc/arm-none-eabi/5.3.0/../../../../arm-none-eabi/lib/armv6k/fpu\libg.a(lib_a-freer.o)
                0x001791cc                _free_r
 .text._fseek_r
                0x001794b0        0x4 f:/programy/devkitpro/devkitarm/bin/../lib/gcc/arm-none-eabi/5.3.0/../../../../arm-none-eabi/lib/armv6k/fpu\libg.a(lib_a-fseek.o)
                0x001794b0                _fseek_r
 .text.fseek    0x001794b4       0x28 f:/programy/devkitpro/devkitarm/bin/../lib/gcc/arm-none-eabi/5.3.0/../../../../arm-none-eabi/lib/armv6k/fpu\libg.a(lib_a-fseek.o)
                0x001794b4                fseek
 .text._fseeko_r
                0x001794dc      0x4f8 f:/programy/devkitpro/devkitarm/bin/../lib/gcc/arm-none-eabi/5.3.0/../../../../arm-none-eabi/lib/armv6k/fpu\libg.a(lib_a-fseeko.o)
                0x001794dc                _fseeko_r
 .text.ftell    0x001799d4       0x18 f:/programy/devkitpro/devkitarm/bin/../lib/gcc/arm-none-eabi/5.3.0/../../../../arm-none-eabi/lib/armv6k/fpu\libg.a(lib_a-ftell.o)
                0x001799d4                ftell
 .text._ftello_r
                0x001799ec      0x164 f:/programy/devkitpro/devkitarm/bin/../lib/gcc/arm-none-eabi/5.3.0/../../../../arm-none-eabi/lib/armv6k/fpu\libg.a(lib_a-ftello.o)
                0x001799ec                _ftello_r
 .text._fwalk   0x00179b50       0x78 f:/programy/devkitpro/devkitarm/bin/../lib/gcc/arm-none-eabi/5.3.0/../../../../arm-none-eabi/lib/armv6k/fpu\libg.a(lib_a-fwalk.o)
                0x00179b50                _fwalk
 .text._fwalk_reent
                0x00179bc8       0x80 f:/programy/devkitpro/devkitarm/bin/../lib/gcc/arm-none-eabi/5.3.0/../../../../arm-none-eabi/lib/armv6k/fpu\libg.a(lib_a-fwalk.o)
                0x00179bc8                _fwalk_reent
 .text.__libc_init_array
                0x00179c48       0x78 f:/programy/devkitpro/devkitarm/bin/../lib/gcc/arm-none-eabi/5.3.0/../../../../arm-none-eabi/lib/armv6k/fpu\libg.a(lib_a-init.o)
                0x00179c48                __libc_init_array
 .text.__smakebuf_r
                0x00179cc0      0x160 f:/programy/devkitpro/devkitarm/bin/../lib/gcc/arm-none-eabi/5.3.0/../../../../arm-none-eabi/lib/armv6k/fpu\libg.a(lib_a-makebuf.o)
                0x00179cc0                __smakebuf_r
 .text.memalign
                0x00179e20       0x20 f:/programy/devkitpro/devkitarm/bin/../lib/gcc/arm-none-eabi/5.3.0/../../../../arm-none-eabi/lib/armv6k/fpu\libg.a(lib_a-malign.o)
                0x00179e20                memalign
 .text._memalign_r
                0x00179e40      0x15c f:/programy/devkitpro/devkitarm/bin/../lib/gcc/arm-none-eabi/5.3.0/../../../../arm-none-eabi/lib/armv6k/fpu\libg.a(lib_a-malignr.o)
                0x00179e40                _memalign_r
 .text.malloc   0x00179f9c       0x18 f:/programy/devkitpro/devkitarm/bin/../lib/gcc/arm-none-eabi/5.3.0/../../../../arm-none-eabi/lib/armv6k/fpu\libg.a(lib_a-malloc.o)
                0x00179f9c                malloc
 .text.free     0x00179fb4       0x18 f:/programy/devkitpro/devkitarm/bin/../lib/gcc/arm-none-eabi/5.3.0/../../../../arm-none-eabi/lib/armv6k/fpu\libg.a(lib_a-malloc.o)
                0x00179fb4                free
 .text._malloc_r
                0x00179fcc      0x7a8 f:/programy/devkitpro/devkitarm/bin/../lib/gcc/arm-none-eabi/5.3.0/../../../../arm-none-eabi/lib/armv6k/fpu\libg.a(lib_a-mallocr.o)
                0x00179fcc                _malloc_r
 .text.memchr   0x0017a774      0x100 f:/programy/devkitpro/devkitarm/bin/../lib/gcc/arm-none-eabi/5.3.0/../../../../arm-none-eabi/lib/armv6k/fpu\libg.a(lib_a-memchr.o)
                0x0017a774                memchr
 .text.memcmp   0x0017a874       0xa8 f:/programy/devkitpro/devkitarm/bin/../lib/gcc/arm-none-eabi/5.3.0/../../../../arm-none-eabi/lib/armv6k/fpu\libg.a(lib_a-memcmp.o)
                0x0017a874                memcmp
 .text.memcpy   0x0017a91c       0xf0 f:/programy/devkitpro/devkitarm/bin/../lib/gcc/arm-none-eabi/5.3.0/../../../../arm-none-eabi/lib/armv6k/fpu\libg.a(lib_a-memcpy.o)
                0x0017a91c                memcpy
 .text.memmove  0x0017aa0c      0x128 f:/programy/devkitpro/devkitarm/bin/../lib/gcc/arm-none-eabi/5.3.0/../../../../arm-none-eabi/lib/armv6k/fpu\libg.a(lib_a-memmove.o)
                0x0017aa0c                memmove
 .text.memset   0x0017ab34       0xf4 f:/programy/devkitpro/devkitarm/bin/../lib/gcc/arm-none-eabi/5.3.0/../../../../arm-none-eabi/lib/armv6k/fpu\libg.a(lib_a-memset.o)
                0x0017ab34                memset
 .text.__malloc_lock
                0x0017ac28        0xc f:/programy/devkitpro/devkitarm/bin/../lib/gcc/arm-none-eabi/5.3.0/../../../../arm-none-eabi/lib/armv6k/fpu\libg.a(lib_a-mlock.o)
                0x0017ac28                __malloc_lock
 .text.__malloc_unlock
                0x0017ac34        0xc f:/programy/devkitpro/devkitarm/bin/../lib/gcc/arm-none-eabi/5.3.0/../../../../arm-none-eabi/lib/armv6k/fpu\libg.a(lib_a-mlock.o)
                0x0017ac34                __malloc_unlock
 .text.qsort    0x0017ac40      0x890 f:/programy/devkitpro/devkitarm/bin/../lib/gcc/arm-none-eabi/5.3.0/../../../../arm-none-eabi/lib/armv6k/fpu\libg.a(lib_a-qsort.o)
                0x0017ac40                qsort
 .text.realloc  0x0017b4d0       0x20 f:/programy/devkitpro/devkitarm/bin/../lib/gcc/arm-none-eabi/5.3.0/../../../../arm-none-eabi/lib/armv6k/fpu\libg.a(lib_a-realloc.o)